Archive member included to satisfy reference by file (symbol)

C:/ST/STM32CubeIDE_1.16.1/STM32CubeIDE/plugins/com.st.stm32cube.ide.mcu.externaltools.gnu-tools-for-stm32.13.3.rel1.win32_1.0.0.202411081344/tools/bin/../lib/gcc/arm-none-eabi/13.3.1/../../../../arm-none-eabi/lib/thumb/v7e-m+fp/hard\libc_nano.a(libc_a-exit.o)
                              C:/ST/STM32CubeIDE_1.16.1/STM32CubeIDE/plugins/com.st.stm32cube.ide.mcu.externaltools.gnu-tools-for-stm32.13.3.rel1.win32_1.0.0.202411081344/tools/bin/../lib/gcc/arm-none-eabi/13.3.1/../../../../arm-none-eabi/lib/thumb/v7e-m+fp/hard/crt0.o (exit)
C:/ST/STM32CubeIDE_1.16.1/STM32CubeIDE/plugins/com.st.stm32cube.ide.mcu.externaltools.gnu-tools-for-stm32.13.3.rel1.win32_1.0.0.202411081344/tools/bin/../lib/gcc/arm-none-eabi/13.3.1/../../../../arm-none-eabi/lib/thumb/v7e-m+fp/hard\libc_nano.a(libc_a-findfp.o)
                              C:/ST/STM32CubeIDE_1.16.1/STM32CubeIDE/plugins/com.st.stm32cube.ide.mcu.externaltools.gnu-tools-for-stm32.13.3.rel1.win32_1.0.0.202411081344/tools/bin/../lib/gcc/arm-none-eabi/13.3.1/../../../../arm-none-eabi/lib/thumb/v7e-m+fp/hard\libc_nano.a(libc_a-exit.o) (__stdio_exit_handler)
C:/ST/STM32CubeIDE_1.16.1/STM32CubeIDE/plugins/com.st.stm32cube.ide.mcu.externaltools.gnu-tools-for-stm32.13.3.rel1.win32_1.0.0.202411081344/tools/bin/../lib/gcc/arm-none-eabi/13.3.1/../../../../arm-none-eabi/lib/thumb/v7e-m+fp/hard\libc_nano.a(libc_a-fwalk.o)
                              C:/ST/STM32CubeIDE_1.16.1/STM32CubeIDE/plugins/com.st.stm32cube.ide.mcu.externaltools.gnu-tools-for-stm32.13.3.rel1.win32_1.0.0.202411081344/tools/bin/../lib/gcc/arm-none-eabi/13.3.1/../../../../arm-none-eabi/lib/thumb/v7e-m+fp/hard\libc_nano.a(libc_a-findfp.o) (_fwalk_sglue)
C:/ST/STM32CubeIDE_1.16.1/STM32CubeIDE/plugins/com.st.stm32cube.ide.mcu.externaltools.gnu-tools-for-stm32.13.3.rel1.win32_1.0.0.202411081344/tools/bin/../lib/gcc/arm-none-eabi/13.3.1/../../../../arm-none-eabi/lib/thumb/v7e-m+fp/hard\libc_nano.a(libc_a-sprintf.o)
                              ./Drivers/LCD/lcd.o (sprintf)
C:/ST/STM32CubeIDE_1.16.1/STM32CubeIDE/plugins/com.st.stm32cube.ide.mcu.externaltools.gnu-tools-for-stm32.13.3.rel1.win32_1.0.0.202411081344/tools/bin/../lib/gcc/arm-none-eabi/13.3.1/../../../../arm-none-eabi/lib/thumb/v7e-m+fp/hard\libc_nano.a(libc_a-stdio.o)
                              C:/ST/STM32CubeIDE_1.16.1/STM32CubeIDE/plugins/com.st.stm32cube.ide.mcu.externaltools.gnu-tools-for-stm32.13.3.rel1.win32_1.0.0.202411081344/tools/bin/../lib/gcc/arm-none-eabi/13.3.1/../../../../arm-none-eabi/lib/thumb/v7e-m+fp/hard\libc_nano.a(libc_a-findfp.o) (__sread)
C:/ST/STM32CubeIDE_1.16.1/STM32CubeIDE/plugins/com.st.stm32cube.ide.mcu.externaltools.gnu-tools-for-stm32.13.3.rel1.win32_1.0.0.202411081344/tools/bin/../lib/gcc/arm-none-eabi/13.3.1/../../../../arm-none-eabi/lib/thumb/v7e-m+fp/hard\libc_nano.a(libc_a-memset.o)
                              C:/ST/STM32CubeIDE_1.16.1/STM32CubeIDE/plugins/com.st.stm32cube.ide.mcu.externaltools.gnu-tools-for-stm32.13.3.rel1.win32_1.0.0.202411081344/tools/bin/../lib/gcc/arm-none-eabi/13.3.1/../../../../arm-none-eabi/lib/thumb/v7e-m+fp/hard/crt0.o (memset)
C:/ST/STM32CubeIDE_1.16.1/STM32CubeIDE/plugins/com.st.stm32cube.ide.mcu.externaltools.gnu-tools-for-stm32.13.3.rel1.win32_1.0.0.202411081344/tools/bin/../lib/gcc/arm-none-eabi/13.3.1/../../../../arm-none-eabi/lib/thumb/v7e-m+fp/hard\libc_nano.a(libc_a-closer.o)
                              C:/ST/STM32CubeIDE_1.16.1/STM32CubeIDE/plugins/com.st.stm32cube.ide.mcu.externaltools.gnu-tools-for-stm32.13.3.rel1.win32_1.0.0.202411081344/tools/bin/../lib/gcc/arm-none-eabi/13.3.1/../../../../arm-none-eabi/lib/thumb/v7e-m+fp/hard\libc_nano.a(libc_a-stdio.o) (_close_r)
C:/ST/STM32CubeIDE_1.16.1/STM32CubeIDE/plugins/com.st.stm32cube.ide.mcu.externaltools.gnu-tools-for-stm32.13.3.rel1.win32_1.0.0.202411081344/tools/bin/../lib/gcc/arm-none-eabi/13.3.1/../../../../arm-none-eabi/lib/thumb/v7e-m+fp/hard\libc_nano.a(libc_a-reent.o)
                              C:/ST/STM32CubeIDE_1.16.1/STM32CubeIDE/plugins/com.st.stm32cube.ide.mcu.externaltools.gnu-tools-for-stm32.13.3.rel1.win32_1.0.0.202411081344/tools/bin/../lib/gcc/arm-none-eabi/13.3.1/../../../../arm-none-eabi/lib/thumb/v7e-m+fp/hard\libc_nano.a(libc_a-closer.o) (errno)
C:/ST/STM32CubeIDE_1.16.1/STM32CubeIDE/plugins/com.st.stm32cube.ide.mcu.externaltools.gnu-tools-for-stm32.13.3.rel1.win32_1.0.0.202411081344/tools/bin/../lib/gcc/arm-none-eabi/13.3.1/../../../../arm-none-eabi/lib/thumb/v7e-m+fp/hard\libc_nano.a(libc_a-impure.o)
                              C:/ST/STM32CubeIDE_1.16.1/STM32CubeIDE/plugins/com.st.stm32cube.ide.mcu.externaltools.gnu-tools-for-stm32.13.3.rel1.win32_1.0.0.202411081344/tools/bin/../lib/gcc/arm-none-eabi/13.3.1/../../../../arm-none-eabi/lib/thumb/v7e-m+fp/hard\libc_nano.a(libc_a-sprintf.o) (_impure_ptr)
[...]
Memory Configuration

Name             Origin             Length             Attributes
RAM              0x20000000         0x00020000         xrw
FLASH            0x08000000         0x00080000         xr
*default*        0x00000000         0xffffffff

Linker script and memory map

LOAD C:/ST/STM32CubeIDE_1.16.1/STM32CubeIDE/plugins/com.st.stm32cube.ide.mcu.externaltools.gnu-tools-for-stm32.13.3.rel1.win32_1.0.0.202411081344/tools/bin/../lib/gcc/arm-none-eabi/13.3.1/thumb/v7e-m+fp/hard/crti.o
LOAD C:/ST/STM32CubeIDE_1.16.1/STM32CubeIDE/plugins/com.st.stm32cube.ide.mcu.externaltools.gnu-tools-for-stm32.13.3.rel1.win32_1.0.0.202411081344/tools/bin/../lib/gcc/arm-none-eabi/13.3.1/thumb/v7e-m+fp/hard/crtbegin.o
LOAD C:/ST/STM32CubeIDE_1.16.1/STM32CubeIDE/plugins/com.st.stm32cube.ide.mcu.externaltools.gnu-tools-for-stm32.13.3.rel1.win32_1.0.0.202411081344/tools/bin/../lib/gcc/arm-none-eabi/13.3.1/../../../../arm-none-eabi/lib/thumb/v7e-m+fp/hard/crt0.o
LOAD ./Core/Src/main.o
LOAD ./Core/Src/stm32f4xx_hal_msp.o
LOAD ./Core/Src/stm32f4xx_it.o
LOAD ./Core/Src/syscalls.o
LOAD ./Core/Src/sysmem.o
LOAD ./Core/Src/system_stm32f4xx.o
LOAD ./Core/Startup/startup_stm32f411retx.o
LOAD ./Drivers/LCD/images.o
LOAD ./Drivers/LCD/lcd.o
LOAD ./Drivers/STM32F4xx_HAL_Driver/Src/stm32f4xx_hal.o
LOAD ./Drivers/STM32F4xx_HAL_Driver/Src/stm32f4xx_hal_cortex.o
LOAD ./Drivers/STM32F4xx_HAL_Driver/Src/stm32f4xx_hal_dma.o
LOAD ./Drivers/STM32F4xx_HAL_Driver/Src/stm32f4xx_hal_dma_ex.o
LOAD ./Drivers/STM32F4xx_HAL_Driver/Src/stm32f4xx_hal_exti.o
LOAD ./Drivers/STM32F4xx_HAL_Driver/Src/stm32f4xx_hal_flash.o
LOAD ./Drivers/STM32F4xx_HAL_Driver/Src/stm32f4xx_hal_flash_ex.o
LOAD ./Drivers/STM32F4xx_HAL_Driver/Src/stm32f4xx_hal_flash_ramfunc.o
LOAD ./Drivers/STM32F4xx_HAL_Driver/Src/stm32f4xx_hal_gpio.o
LOAD ./Drivers/STM32F4xx_HAL_Driver/Src/stm32f4xx_hal_pwr.o
LOAD ./Drivers/STM32F4xx_HAL_Driver/Src/stm32f4xx_hal_pwr_ex.o
LOAD ./Drivers/STM32F4xx_HAL_Driver/Src/stm32f4xx_hal_rcc.o
LOAD ./Drivers/STM32F4xx_HAL_Driver/Src/stm32f4xx_hal_rcc_ex.o
LOAD ./Drivers/STM32F4xx_HAL_Driver/Src/stm32f4xx_hal_spi.o
LOAD ./Drivers/STM32F4xx_HAL_Driver/Src/stm32f4xx_hal_uart.o
LOAD ./Drivers/UGUI/Fonts/arial_10X13.o
LOAD ./Drivers/UGUI/Fonts/arial_10X13_cyrillic.o
LOAD ./Drivers/UGUI/Fonts/arial_12X15.o
LOAD ./Drivers/UGUI/Fonts/arial_12X15_cyrillic.o
LOAD ./Drivers/UGUI/Fonts/arial_16X18.o
LOAD ./Drivers/UGUI/Fonts/arial_16X18_cyrillic.o
LOAD ./Drivers/UGUI/Fonts/arial_20X23.o
LOAD ./Drivers/UGUI/Fonts/arial_20X23_cyrillic.o
LOAD ./Drivers/UGUI/Fonts/arial_25X28.o
LOAD ./Drivers/UGUI/Fonts/arial_25X28_cyrillic.o
LOAD ./Drivers/UGUI/Fonts/arial_29X35.o
LOAD ./Drivers/UGUI/Fonts/arial_29X35_cyrillic.o
LOAD ./Drivers/UGUI/Fonts/arial_35X40.o
LOAD ./Drivers/UGUI/Fonts/arial_35X40_cyrillic.o
LOAD ./Drivers/UGUI/Fonts/arial_39X45.o
LOAD ./Drivers/UGUI/Fonts/arial_39X45_cyrillic.o
LOAD ./Drivers/UGUI/Fonts/arial_45X52.o
LOAD ./Drivers/UGUI/Fonts/arial_45X52_cyrillic.o
LOAD ./Drivers/UGUI/Fonts/arial_49X57.o
LOAD ./Drivers/UGUI/Fonts/arial_49X57_cyrillic.o
LOAD ./Drivers/UGUI/Fonts/arial_6X6.o
LOAD ./Drivers/UGUI/Fonts/arial_6X6_cyrillic.o
LOAD ./Drivers/UGUI/Fonts/arial_9X10.o
LOAD ./Drivers/UGUI/Fonts/arial_9X10_cyrillic.o
LOAD ./Drivers/UGUI/Fonts/font_10x16.o
LOAD ./Drivers/UGUI/Fonts/font_12x16.o
LOAD ./Drivers/UGUI/Fonts/font_12x20.o
LOAD ./Drivers/UGUI/Fonts/font_16x26.o
LOAD ./Drivers/UGUI/Fonts/font_22x36.o
LOAD ./Drivers/UGUI/Fonts/font_24x40.o
LOAD ./Drivers/UGUI/Fonts/font_32x53.o
LOAD ./Drivers/UGUI/Fonts/font_4x6.o
LOAD ./Drivers/UGUI/Fonts/font_5x12.o
LOAD ./Drivers/UGUI/Fonts/font_5x8.o
LOAD ./Drivers/UGUI/Fonts/font_6x10.o
LOAD ./Drivers/UGUI/Fonts/font_6x8.o
LOAD ./Drivers/UGUI/Fonts/font_7x12.o
LOAD ./Drivers/UGUI/Fonts/font_8x12.o
LOAD ./Drivers/UGUI/Fonts/font_8x12_cyrillic.o
LOAD ./Drivers/UGUI/Fonts/font_8x14.o
LOAD ./Drivers/UGUI/Fonts/font_8x8.o
LOAD ./Drivers/UGUI/ugui.o
LOAD ./Drivers/UGUI/ugui_button.o
LOAD ./Drivers/UGUI/ugui_checkbox.o
LOAD ./Drivers/UGUI/ugui_image.o
LOAD ./Drivers/UGUI/ugui_progress.o
LOAD ./Drivers/UGUI/ugui_textbox.o
START GROUP
LOAD C:/ST/STM32CubeIDE_1.16.1/STM32CubeIDE/plugins/com.st.stm32cube.ide.mcu.externaltools.gnu-tools-for-stm32.13.3.rel1.win32_1.0.0.202411081344/tools/bin/../lib/gcc/arm-none-eabi/13.3.1/../../../../arm-none-eabi/lib/thumb/v7e-m+fp/hard\libc_nano.a
LOAD C:/ST/STM32CubeIDE_1.16.1/STM32CubeIDE/plugins/com.st.stm32cube.ide.mcu.externaltools.gnu-tools-for-stm32.13.3.rel1.win32_1.0.0.202411081344/tools/bin/../lib/gcc/arm-none-eabi/13.3.1/../../../../arm-none-eabi/lib/thumb/v7e-m+fp/hard\libm.a
END GROUP
START GROUP
LOAD C:/ST/STM32CubeIDE_1.16.1/STM32CubeIDE/plugins/com.st.stm32cube.ide.mcu.externaltools.gnu-tools-for-stm32.13.3.rel1.win32_1.0.0.202411081344/tools/bin/../lib/gcc/arm-none-eabi/13.3.1/thumb/v7e-m+fp/hard\libgcc.a
LOAD C:/ST/STM32CubeIDE_1.16.1/STM32CubeIDE/plugins/com.st.stm32cube.ide.mcu.externaltools.gnu-tools-for-stm32.13.3.rel1.win32_1.0.0.202411081344/tools/bin/../lib/gcc/arm-none-eabi/13.3.1/../../../../arm-none-eabi/lib/thumb/v7e-m+fp/hard\libc_nano.a
END GROUP
START GROUP
LOAD C:/ST/STM32CubeIDE_1.16.1/STM32CubeIDE/plugins/com.st.stm32cube.ide.mcu.externaltools.gnu-tools-for-stm32.13.3.rel1.win32_1.0.0.202411081344/tools/bin/../lib/gcc/arm-none-eabi/13.3.1/thumb/v7e-m+fp/hard\libgcc.a
LOAD C:/ST/STM32CubeIDE_1.16.1/STM32CubeIDE/plugins/com.st.stm32cube.ide.mcu.externaltools.gnu-tools-for-stm32.13.3.rel1.win32_1.0.0.202411081344/tools/bin/../lib/gcc/arm-none-eabi/13.3.1/../../../../arm-none-eabi/lib/thumb/v7e-m+fp/hard\libc_nano.a
LOAD C:/ST/STM32CubeIDE_1.16.1/STM32CubeIDE/plugins/com.st.stm32cube.ide.mcu.externaltools.gnu-tools-for-stm32.13.3.rel1.win32_1.0.0.202411081344/tools/bin/../lib/gcc/arm-none-eabi/13.3.1/../../../../arm-none-eabi/lib/thumb/v7e-m+fp/hard\libnosys.a
END GROUP
START GROUP
LOAD C:/ST/STM32CubeIDE_1.16.1/STM32CubeIDE/plugins/com.st.stm32cube.ide.mcu.externaltools.gnu-tools-for-stm32.13.3.rel1.win32_1.0.0.202411081344/tools/bin/../lib/gcc/arm-none-eabi/13.3.1/thumb/v7e-m+fp/hard\libgcc.a
LOAD C:/ST/STM32CubeIDE_1.16.1/STM32CubeIDE/plugins/com.st.stm32cube.ide.mcu.externaltools.gnu-tools-for-stm32.13.3.rel1.win32_1.0.0.202411081344/tools/bin/../lib/gcc/arm-none-eabi/13.3.1/../../../../arm-none-eabi/lib/thumb/v7e-m+fp/hard\libc_nano.a
LOAD C:/ST/STM32CubeIDE_1.16.1/STM32CubeIDE/plugins/com.st.stm32cube.ide.mcu.externaltools.gnu-tools-for-stm32.13.3.rel1.win32_1.0.0.202411081344/tools/bin/../lib/gcc/arm-none-eabi/13.3.1/../../../../arm-none-eabi/lib/thumb/v7e-m+fp/hard\libnosys.a
END GROUP
LOAD C:/ST/STM32CubeIDE_1.16.1/STM32CubeIDE/plugins/com.st.stm32cube.ide.mcu.externaltools.gnu-tools-for-stm32.13.3.rel1.win32_1.0.0.202411081344/tools/bin/../lib/gcc/arm-none-eabi/13.3.1/thumb/v7e-m+fp/hard/crtend.o
LOAD C:/ST/STM32CubeIDE_1.16.1/STM32CubeIDE/plugins/com.st.stm32cube.ide.mcu.externaltools.gnu-tools-for-stm32.13.3.rel1.win32_1.0.0.202411081344/tools/bin/../lib/gcc/arm-none-eabi/13.3.1/thumb/v7e-m+fp/hard/crtn.o
                0x20020000                        _estack = (ORIGIN (RAM) + LENGTH (RAM))
                0x00000200                        _Min_Heap_Size = 0x200
                0x00000400                        _Min_Stack_Size = 0x400

.isr_vector     0x08000000      0x198
                0x08000000                        . = ALIGN (0x4)
 *(.isr_vector)
 .isr_vector    0x08000000      0x198 ./Core/Startup/startup_stm32f411retx.o
                0x08000000                g_pfnVectors
                0x08000198                        . = ALIGN (0x4)

.text           0x080001a0     0x8bdc
                0x080001a0                        . = ALIGN (0x4)
 *(.text)
 .text          0x080001a0       0x40 C:/ST/STM32CubeIDE_1.16.1/STM32CubeIDE/plugins/com.st.stm32cube.ide.mcu.externaltools.gnu-tools-for-stm32.13.3.rel1.win32_1.0.0.202411081344/tools/bin/../lib/gcc/arm-none-eabi/13.3.1/thumb/v7e-m+fp/hard/crtbegin.o
 .text          0x080001e0       0xa0 C:/ST/STM32CubeIDE_1.16.1/STM32CubeIDE/plugins/com.st.stm32cube.ide.mcu.externaltools.gnu-tools-for-stm32.13.3.rel1.win32_1.0.0.202411081344/tools/bin/../lib/gcc/arm-none-eabi/13.3.1/../../../../arm-none-eabi/lib/thumb/v7e-m+fp/hard\libc_nano.a(libc_a-memchr.o)
                0x080001e0                memchr
 .text          0x08000280       0x30 C:/ST/STM32CubeIDE_1.16.1/STM32CubeIDE/plugins/com.st.stm32cube.ide.mcu.externaltools.gnu-tools-for-stm32.13.3.rel1.win32_1.0.0.202411081344/tools/bin/../lib/gcc/arm-none-eabi/13.3.1/thumb/v7e-m+fp/hard\libgcc.a(_aeabi_uldivmod.o)
                0x08000280                __aeabi_uldivmod
 .text          0x080002b0      0x2f8 C:/ST/STM32CubeIDE_1.16.1/STM32CubeIDE/plugins/com.st.stm32cube.ide.mcu.externaltools.gnu-tools-for-stm32.13.3.rel1.win32_1.0.0.202411081344/tools/bin/../lib/gcc/arm-none-eabi/13.3.1/thumb/v7e-m+fp/hard\libgcc.a(_udivmoddi4.o)
                0x080002b0                __udivmoddi4
 .text          0x080005a8        0x4 C:/ST/STM32CubeIDE_1.16.1/STM32CubeIDE/plugins/com.st.stm32cube.ide.mcu.externaltools.gnu-tools-for-stm32.13.3.rel1.win32_1.0.0.202411081344/tools/bin/../lib/gcc/arm-none-eabi/13.3.1/thumb/v7e-m+fp/hard\libgcc.a(_dvmd_tls.o)
                0x080005a8                __aeabi_idiv0
                0x080005a8                __aeabi_ldiv0
 *(.text*)
 .text.main     0x080005ac       0x48 ./Core/Src/main.o
                0x080005ac                main
 .text.SystemClock_Config
                0x080005f4       0xd0 ./Core/Src/main.o
                0x080005f4                SystemClock_Config
 .text.MX_SPI1_Init
                0x080006c4       0x6c ./Core/Src/main.o
 .text.MX_USART2_UART_Init
                0x08000730       0x54 ./Core/Src/main.o
 .text.MX_DMA_Init
                0x08000784       0x40 ./Core/Src/main.o
 .text.MX_GPIO_Init
                0x080007c4       0xdc ./Core/Src/main.o
 .text.Error_Handler
                0x080008a0        0xc ./Core/Src/main.o
                0x080008a0                Error_Handler
 .text.HAL_MspInit
                0x080008ac       0x50 ./Core/Src/stm32f4xx_hal_msp.o
                0x080008ac                HAL_MspInit
 .text.HAL_SPI_MspInit
                0x080008fc       0xf4 ./Core/Src/stm32f4xx_hal_msp.o
                0x080008fc                HAL_SPI_MspInit
 .text.HAL_UART_MspInit
                0x080009f0       0x90 ./Core/Src/stm32f4xx_hal_msp.o
                0x080009f0                HAL_UART_MspInit
 .text.NMI_Handler
                0x08000a80        0x8 ./Core/Src/stm32f4xx_it.o
                0x08000a80                NMI_Handler
 .text.HardFault_Handler
                0x08000a88        0x8 ./Core/Src/stm32f4xx_it.o
                0x08000a88                HardFault_Handler
 .text.MemManage_Handler
                0x08000a90        0x8 ./Core/Src/stm32f4xx_it.o
                0x08000a90                MemManage_Handler
 .text.BusFault_Handler
                0x08000a98        0x8 ./Core/Src/stm32f4xx_it.o
                0x08000a98                BusFault_Handler
 .text.UsageFault_Handler
                0x08000aa0        0x8 ./Core/Src/stm32f4xx_it.o
                0x08000aa0                UsageFault_Handler
 .text.SVC_Handler
                0x08000aa8        0xe ./Core/Src/stm32f4xx_it.o
                0x08000aa8                SVC_Handler
 .text.DebugMon_Handler
                0x08000ab6        0xe ./Core/Src/stm32f4xx_it.o
                0x08000ab6                DebugMon_Handler
 .text.PendSV_Handler
                0x08000ac4        0xe ./Core/Src/stm32f4xx_it.o
                0x08000ac4                PendSV_Handler
 .text.SysTick_Handler
                0x08000ad2        0xc ./Core/Src/stm32f4xx_it.o
                0x08000ad2                SysTick_Handler
 *fill*         0x08000ade        0x2 
 .text.DMA2_Stream2_IRQHandler
                0x08000ae0       0x14 ./Core/Src/stm32f4xx_it.o
                0x08000ae0                DMA2_Stream2_IRQHandler
 .text._sbrk    0x08000af4       0x6c ./Core/Src/sysmem.o
                0x08000af4                _sbrk
 .text.SystemInit
                0x08000b60       0x24 ./Core/Src/system_stm32f4xx.o
                0x08000b60                SystemInit
 .text.Reset_Handler
                0x08000b84       0x50 ./Core/Startup/startup_stm32f411retx.o
                0x08000b84                Reset_Handler
 .text.Default_Handler
                0x08000bd4        0x2 ./Core/Startup/startup_stm32f411retx.o
                0x08000bd4                RTC_Alarm_IRQHandler
                0x08000bd4                EXTI2_IRQHandler
                0x08000bd4                SPI4_IRQHandler
                0x08000bd4                TIM1_CC_IRQHandler
                0x08000bd4                DMA2_Stream5_IRQHandler
                0x08000bd4                DMA1_Stream5_IRQHandler
                0x08000bd4                PVD_IRQHandler
                0x08000bd4                SDIO_IRQHandler
                0x08000bd4                TAMP_STAMP_IRQHandler
                0x08000bd4                EXTI3_IRQHandler
                0x08000bd4                TIM1_UP_TIM10_IRQHandler
                0x08000bd4                I2C3_ER_IRQHandler
                0x08000bd4                EXTI0_IRQHandler
                0x08000bd4                I2C2_EV_IRQHandler
                0x08000bd4                DMA1_Stream2_IRQHandler
                0x08000bd4                FPU_IRQHandler
                0x08000bd4                SPI1_IRQHandler
                0x08000bd4                TIM1_BRK_TIM9_IRQHandler
                0x08000bd4                DMA2_Stream3_IRQHandler
                0x08000bd4                USART6_IRQHandler
                0x08000bd4                DMA2_Stream0_IRQHandler
                0x08000bd4                TIM4_IRQHandler
                0x08000bd4                I2C1_EV_IRQHandler
                0x08000bd4                DMA1_Stream6_IRQHandler
                0x08000bd4                DMA1_Stream1_IRQHandler
                0x08000bd4                TIM3_IRQHandler
                0x08000bd4                RCC_IRQHandler
                0x08000bd4                Default_Handler
                0x08000bd4                EXTI15_10_IRQHandler
                0x08000bd4                ADC_IRQHandler
                0x08000bd4                DMA1_Stream7_IRQHandler
                0x08000bd4                SPI5_IRQHandler
                0x08000bd4                TIM5_IRQHandler
                0x08000bd4                DMA2_Stream7_IRQHandler
                0x08000bd4                I2C3_EV_IRQHandler
                0x08000bd4                EXTI9_5_IRQHandler
                0x08000bd4                RTC_WKUP_IRQHandler
                0x08000bd4                SPI2_IRQHandler
                0x08000bd4                DMA1_Stream0_IRQHandler
                0x08000bd4                EXTI4_IRQHandler
                0x08000bd4                WWDG_IRQHandler
                0x08000bd4                TIM2_IRQHandler
                0x08000bd4                OTG_FS_WKUP_IRQHandler
                0x08000bd4                TIM1_TRG_COM_TIM11_IRQHandler
                0x08000bd4                EXTI1_IRQHandler
                0x08000bd4                USART2_IRQHandler
                0x08000bd4                I2C2_ER_IRQHandler
                0x08000bd4                DMA2_Stream1_IRQHandler
                0x08000bd4                FLASH_IRQHandler
                0x08000bd4                DMA2_Stream4_IRQHandler
                0x08000bd4                USART1_IRQHandler
                0x08000bd4                OTG_FS_IRQHandler
                0x08000bd4                SPI3_IRQHandler
                0x08000bd4                DMA1_Stream4_IRQHandler
                0x08000bd4                I2C1_ER_IRQHandler
                0x08000bd4                DMA2_Stream6_IRQHandler
                0x08000bd4                DMA1_Stream3_IRQHandler
 *fill*         0x08000bd6        0x2 
 .text.setSPI_Size
                0x08000bd8       0x7c ./Drivers/LCD/lcd.o
 .text.setDMAMemMode
                0x08000c54      0x118 ./Drivers/LCD/lcd.o
 .text.LCD_WriteCommand
                0x08000d6c       0x64 ./Drivers/LCD/lcd.o
 .text.LCD_WriteData
                0x08000dd0       0xd0 ./Drivers/LCD/lcd.o
 .text.LCD_SetAddressWindow
                0x08000ea0       0xae ./Drivers/LCD/lcd.o
 *fill*         0x08000f4e        0x2 
 .text.LCD_DrawPixel
                0x08000f50       0x90 ./Drivers/LCD/lcd.o
                0x08000f50                LCD_DrawPixel
 .text.LCD_FillPixels
                0x08000fe0       0x86 ./Drivers/LCD/lcd.o
                0x08000fe0                LCD_FillPixels
 *fill*         0x08001066        0x2 
 .text.LCD_FillArea
                0x08001068       0x68 ./Drivers/LCD/lcd.o
                0x08001068                LCD_FillArea
 .text.LCD_Fill
                0x080010d0       0x6e ./Drivers/LCD/lcd.o
                0x080010d0                LCD_Fill
 .text.LCD_DrawImage
                0x0800113e       0xaa ./Drivers/LCD/lcd.o
                0x0800113e                LCD_DrawImage
 .text.LCD_DrawLine
                0x080011e8       0x7c ./Drivers/LCD/lcd.o
                0x080011e8                LCD_DrawLine
 .text.LCD_PutStr
                0x08001264       0x40 ./Drivers/LCD/lcd.o
                0x08001264                LCD_PutStr
 .text.LCD_setPower
                0x080012a4       0x2c ./Drivers/LCD/lcd.o
                0x080012a4                LCD_setPower
 .text.LCD_Update
                0x080012d0       0x10 ./Drivers/LCD/lcd.o
 .text.LCD_init
                0x080012e0       0xc8 ./Drivers/LCD/lcd.o
                0x080012e0                LCD_init
 .text.clearTime
                0x080013a8       0x18 ./Drivers/LCD/lcd.o
 .text.printTime
                0x080013c0       0x6c ./Drivers/LCD/lcd.o
 .text.LCD_Test
                0x0800142c      0xab4 ./Drivers/LCD/lcd.o
                0x0800142c                LCD_Test
 .text.window_1_callback
                0x08001ee0       0x14 ./Drivers/LCD/lcd.o
 .text.HAL_Init
                0x08001ef4       0x44 ./Drivers/STM32F4xx_HAL_Driver/Src/stm32f4xx_hal.o
                0x08001ef4                HAL_Init
 .text.HAL_InitTick
                0x08001f38       0x60 ./Drivers/STM32F4xx_HAL_Driver/Src/stm32f4xx_hal.o
                0x08001f38                HAL_InitTick
 .text.HAL_IncTick
                0x08001f98       0x28 ./Drivers/STM32F4xx_HAL_Driver/Src/stm32f4xx_hal.o
                0x08001f98                HAL_IncTick
 .text.HAL_GetTick
                0x08001fc0       0x18 ./Drivers/STM32F4xx_HAL_Driver/Src/stm32f4xx_hal.o
                0x08001fc0                HAL_GetTick
 .text.HAL_Delay
                0x08001fd8       0x48 ./Drivers/STM32F4xx_HAL_Driver/Src/stm32f4xx_hal.o
                0x08001fd8                HAL_Delay
 .text.__NVIC_SetPriorityGrouping
                0x08002020       0x48 ./Drivers/STM32F4xx_HAL_Driver/Src/stm32f4xx_hal_cortex.o
 .text.__NVIC_GetPriorityGrouping
                0x08002068       0x1c ./Drivers/STM32F4xx_HAL_Driver/Src/stm32f4xx_hal_cortex.o
 .text.__NVIC_EnableIRQ
                0x08002084       0x3c ./Drivers/STM32F4xx_HAL_Driver/Src/stm32f4xx_hal_cortex.o
 .text.__NVIC_SetPriority
                0x080020c0       0x54 ./Drivers/STM32F4xx_HAL_Driver/Src/stm32f4xx_hal_cortex.o
 .text.NVIC_EncodePriority
                0x08002114       0x66 ./Drivers/STM32F4xx_HAL_Driver/Src/stm32f4xx_hal_cortex.o
 *fill*         0x0800217a        0x2 
 .text.SysTick_Config
                0x0800217c       0x44 ./Drivers/STM32F4xx_HAL_Driver/Src/stm32f4xx_hal_cortex.o
 .text.HAL_NVIC_SetPriorityGrouping
                0x080021c0       0x16 ./Drivers/STM32F4xx_HAL_Driver/Src/stm32f4xx_hal_cortex.o
                0x080021c0                HAL_NVIC_SetPriorityGrouping
 .text.HAL_NVIC_SetPriority
                0x080021d6       0x38 ./Drivers/STM32F4xx_HAL_Driver/Src/stm32f4xx_hal_cortex.o
                0x080021d6                HAL_NVIC_SetPriority
 .text.HAL_NVIC_EnableIRQ
                0x0800220e       0x1c ./Drivers/STM32F4xx_HAL_Driver/Src/stm32f4xx_hal_cortex.o
                0x0800220e                HAL_NVIC_EnableIRQ
 .text.HAL_SYSTICK_Config
                0x0800222a       0x18 ./Drivers/STM32F4xx_HAL_Driver/Src/stm32f4xx_hal_cortex.o
                0x0800222a                HAL_SYSTICK_Config
 *fill*         0x08002242        0x2 
 .text.HAL_DMA_Init
                0x08002244      0x15c ./Drivers/STM32F4xx_HAL_Driver/Src/stm32f4xx_hal_dma.o
                0x08002244                HAL_DMA_Init
 .text.HAL_DMA_Start_IT
                0x080023a0       0xb0 ./Drivers/STM32F4xx_HAL_Driver/Src/stm32f4xx_hal_dma.o
                0x080023a0                HAL_DMA_Start_IT
 .text.HAL_DMA_IRQHandler
                0x08002450      0x314 ./Drivers/STM32F4xx_HAL_Driver/Src/stm32f4xx_hal_dma.o
                0x08002450                HAL_DMA_IRQHandler
 .text.HAL_DMA_GetState
                0x08002764       0x1c ./Drivers/STM32F4xx_HAL_Driver/Src/stm32f4xx_hal_dma.o
                0x08002764                HAL_DMA_GetState
 .text.DMA_SetConfig
                0x08002780       0x5c ./Drivers/STM32F4xx_HAL_Driver/Src/stm32f4xx_hal_dma.o
 .text.DMA_CalcBaseAndBitshift
                0x080027dc       0x6c ./Drivers/STM32F4xx_HAL_Driver/Src/stm32f4xx_hal_dma.o
 .text.DMA_CheckFifoParam
                0x08002848       0xf8 ./Drivers/STM32F4xx_HAL_Driver/Src/stm32f4xx_hal_dma.o
 .text.HAL_GPIO_Init
                0x08002940      0x308 ./Drivers/STM32F4xx_HAL_Driver/Src/stm32f4xx_hal_gpio.o
                0x08002940                HAL_GPIO_Init
 .text.HAL_GPIO_WritePin
                0x08002c48       0x32 ./Drivers/STM32F4xx_HAL_Driver/Src/stm32f4xx_hal_gpio.o
                0x08002c48                HAL_GPIO_WritePin
 *fill*         0x08002c7a        0x2 
 .text.HAL_RCC_OscConfig
                0x08002c7c      0x4f0 ./Drivers/STM32F4xx_HAL_Driver/Src/stm32f4xx_hal_rcc.o
                0x08002c7c                HAL_RCC_OscConfig
 .text.HAL_RCC_ClockConfig
                0x0800316c      0x1cc ./Drivers/STM32F4xx_HAL_Driver/Src/stm32f4xx_hal_rcc.o
                0x0800316c                HAL_RCC_ClockConfig
 .text.HAL_RCC_GetSysClockFreq
                0x08003338      0x20c ./Drivers/STM32F4xx_HAL_Driver/Src/stm32f4xx_hal_rcc.o
                0x08003338                HAL_RCC_GetSysClockFreq
 .text.HAL_RCC_GetHCLKFreq
                0x08003544       0x18 ./Drivers/STM32F4xx_HAL_Driver/Src/stm32f4xx_hal_rcc.o
                0x08003544                HAL_RCC_GetHCLKFreq
 .text.HAL_RCC_GetPCLK1Freq
                0x0800355c       0x28 ./Drivers/STM32F4xx_HAL_Driver/Src/stm32f4xx_hal_rcc.o
                0x0800355c                HAL_RCC_GetPCLK1Freq
 .text.HAL_RCC_GetPCLK2Freq
                0x08003584       0x28 ./Drivers/STM32F4xx_HAL_Driver/Src/stm32f4xx_hal_rcc.o
                0x08003584                HAL_RCC_GetPCLK2Freq
 .text.HAL_SPI_Init
                0x080035ac      0x112 ./Drivers/STM32F4xx_HAL_Driver/Src/stm32f4xx_hal_spi.o
                0x080035ac                HAL_SPI_Init
 .text.HAL_SPI_Transmit
                0x080036be      0x288 ./Drivers/STM32F4xx_HAL_Driver/Src/stm32f4xx_hal_spi.o
                0x080036be                HAL_SPI_Transmit
 *fill*         0x08003946        0x2 
 .text.HAL_SPI_Transmit_DMA
                0x08003948      0x164 ./Drivers/STM32F4xx_HAL_Driver/Src/stm32f4xx_hal_spi.o
                0x08003948                HAL_SPI_Transmit_DMA
 .text.HAL_SPI_TxCpltCallback
                0x08003aac       0x14 ./Drivers/STM32F4xx_HAL_Driver/Src/stm32f4xx_hal_spi.o
                0x08003aac                HAL_SPI_TxCpltCallback
 .text.HAL_SPI_TxHalfCpltCallback
                0x08003ac0       0x14 ./Drivers/STM32F4xx_HAL_Driver/Src/stm32f4xx_hal_spi.o
                0x08003ac0                HAL_SPI_TxHalfCpltCallback
 .text.HAL_SPI_ErrorCallback
                0x08003ad4       0x14 ./Drivers/STM32F4xx_HAL_Driver/Src/stm32f4xx_hal_spi.o
                0x08003ad4                HAL_SPI_ErrorCallback
 .text.SPI_DMATransmitCplt
                0x08003ae8       0xa8 ./Drivers/STM32F4xx_HAL_Driver/Src/stm32f4xx_hal_spi.o
 .text.SPI_DMAHalfTransmitCplt
                0x08003b90       0x1c ./Drivers/STM32F4xx_HAL_Driver/Src/stm32f4xx_hal_spi.o
 .text.SPI_DMAError
                0x08003bac       0x40 ./Drivers/STM32F4xx_HAL_Driver/Src/stm32f4xx_hal_spi.o
 .text.SPI_WaitFlagStateUntilTimeout
                0x08003bec      0x110 ./Drivers/STM32F4xx_HAL_Driver/Src/stm32f4xx_hal_spi.o
 .text.SPI_EndRxTxTransaction
                0x08003cfc       0xa8 ./Drivers/STM32F4xx_HAL_Driver/Src/stm32f4xx_hal_spi.o
 .text.HAL_UART_Init
                0x08003da4       0xa0 ./Drivers/STM32F4xx_HAL_Driver/Src/stm32f4xx_hal_uart.o
                0x08003da4                HAL_UART_Init
 .text.UART_SetConfig
                0x08003e44      0x4e8 ./Drivers/STM32F4xx_HAL_Driver/Src/stm32f4xx_hal_uart.o
 .text.ptr_8to16
                0x0800432c       0x2c ./Drivers/UGUI/ugui.o
 .text.UG_Init  0x08004358      0x134 ./Drivers/UGUI/ugui.o
                0x08004358                UG_Init
 .text.UG_GetGUI
                0x0800448c       0x18 ./Drivers/UGUI/ugui.o
                0x0800448c                UG_GetGUI
 .text.UG_FontSelect
                0x080044a4       0x20 ./Drivers/UGUI/ugui.o
                0x080044a4                UG_FontSelect
 .text.UG_FillScreen
                0x080044c4       0x48 ./Drivers/UGUI/ugui.o
                0x080044c4                UG_FillScreen
 .text.UG_FillFrame
                0x0800450c       0xe4 ./Drivers/UGUI/ugui.o
                0x0800450c                UG_FillFrame
 .text.UG_DrawMesh
                0x080045f0       0xee ./Drivers/UGUI/ugui.o
                0x080045f0                UG_DrawMesh
 .text.UG_DrawFrame
                0x080046de       0x8e ./Drivers/UGUI/ugui.o
                0x080046de                UG_DrawFrame
 .text.UG_DrawPixel
                0x0800476c       0x34 ./Drivers/UGUI/ugui.o
                0x0800476c                UG_DrawPixel
 .text.UG_DrawCircle
                0x080047a0      0x1cc ./Drivers/UGUI/ugui.o
                0x080047a0                UG_DrawCircle
 .text.UG_FillCircle
                0x0800496c      0x1b2 ./Drivers/UGUI/ugui.o
                0x0800496c                UG_FillCircle
 *fill*         0x08004b1e        0x2 
 .text.UG_DrawLine
                0x08004b20      0x1c0 ./Drivers/UGUI/ugui.o
                0x08004b20                UG_DrawLine
 .text.UG_DrawTriangle
                0x08004ce0       0x74 ./Drivers/UGUI/ugui.o
                0x08004ce0                UG_DrawTriangle
 .text.UG_FillTriangle
                0x08004d54      0x2d0 ./Drivers/UGUI/ugui.o
                0x08004d54                UG_FillTriangle
 .text.UG_PutString
                0x08005024      0x130 ./Drivers/UGUI/ugui.o
                0x08005024                UG_PutString
 .text.UG_SetForecolor
                0x08005154       0x24 ./Drivers/UGUI/ugui.o
                0x08005154                UG_SetForecolor
 .text.UG_SetBackcolor
                0x08005178       0x24 ./Drivers/UGUI/ugui.o
                0x08005178                UG_SetBackcolor
 .text.UG_GetXDim
                0x0800519c       0x1c ./Drivers/UGUI/ugui.o
                0x0800519c                UG_GetXDim
 .text.UG_GetYDim
                0x080051b8       0x1c ./Drivers/UGUI/ugui.o
                0x080051b8                UG_GetYDim
 .text.UG_FontSetHSpace
                0x080051d4       0x28 ./Drivers/UGUI/ugui.o
                0x080051d4                UG_FontSetHSpace
 .text.UG_FontSetVSpace
                0x080051fc       0x28 ./Drivers/UGUI/ugui.o
                0x080051fc                UG_FontSetVSpace
 .text.UG_FontSetTransparency
                0x08005224       0x24 ./Drivers/UGUI/ugui.o
                0x08005224                UG_FontSetTransparency
 .text.UG_FontGetTransparency
                0x08005248       0x1c ./Drivers/UGUI/ugui.o
                0x08005248                UG_FontGetTransparency
 .text._UG_DecodeUTF8
                0x08005264       0xee ./Drivers/UGUI/ugui.o
 *fill*         0x08005352        0x2 
 .text._UG_GetCharData
                0x08005354      0x278 ./Drivers/UGUI/ugui.o
 .text._UG_FontSelect
                0x080055cc       0xfc ./Drivers/UGUI/ugui.o
 .text._UG_PutChar
                0x080056c8      0x4c4 ./Drivers/UGUI/ugui.o
 .text._UG_ProcessTouchData
                0x08005b8c      0x16c ./Drivers/UGUI/ugui.o
 .text._UG_UpdateObjects
                0x08005cf8       0x92 ./Drivers/UGUI/ugui.o
 *fill*         0x08005d8a        0x2 
 .text._UG_HandleEvents
                0x08005d8c       0x98 ./Drivers/UGUI/ugui.o
 .text._UG_PutText
                0x08005e24      0x288 ./Drivers/UGUI/ugui.o
                0x08005e24                _UG_PutText
 .text._UG_SearchObject
                0x080060ac       0x76 ./Drivers/UGUI/ugui.o
                0x080060ac                _UG_SearchObject
 .text._UG_DrawObjectFrame
                0x08006122      0x242 ./Drivers/UGUI/ugui.o
                0x08006122                _UG_DrawObjectFrame
 .text._UG_GetFreeObject
                0x08006364       0x5a ./Drivers/UGUI/ugui.o
                0x08006364                _UG_GetFreeObject
 *fill*         0x080063be        0x2 
 .text.UG_DriverRegister
                0x080063c0       0x44 ./Drivers/UGUI/ugui.o
                0x080063c0                UG_DriverRegister
 .text.UG_Update
                0x08006404      0x184 ./Drivers/UGUI/ugui.o
                0x08006404                UG_Update
 .text.UG_DrawBMP
                0x08006588      0x244 ./Drivers/UGUI/ugui.o
                0x08006588                UG_DrawBMP
 .text.UG_TouchUpdate
                0x080067cc       0x3c ./Drivers/UGUI/ugui.o
                0x080067cc                UG_TouchUpdate
 .text.UG_WindowCreate
                0x08006808      0x120 ./Drivers/UGUI/ugui.o
                0x08006808                UG_WindowCreate
 .text.UG_WindowDelete
                0x08006928       0x7c ./Drivers/UGUI/ugui.o
                0x08006928                UG_WindowDelete
 .text.UG_WindowShow
                0x080069a4       0x4c ./Drivers/UGUI/ugui.o
                0x080069a4                UG_WindowShow
 .text.UG_WindowHide
                0x080069f0       0xe0 ./Drivers/UGUI/ugui.o
                0x080069f0                UG_WindowHide
 .text.UG_WindowResize
                0x08006ad0      0x1f0 ./Drivers/UGUI/ugui.o
                0x08006ad0                UG_WindowResize
 .text.UG_WindowSetTitleText
                0x08006cc0       0x44 ./Drivers/UGUI/ugui.o
                0x08006cc0                UG_WindowSetTitleText
 .text.UG_WindowSetTitleTextFont
                0x08006d04       0x76 ./Drivers/UGUI/ugui.o
                0x08006d04                UG_WindowSetTitleTextFont
 .text.UG_WindowSetTitleHeight
                0x08006d7a       0x56 ./Drivers/UGUI/ugui.o
                0x08006d7a                UG_WindowSetTitleHeight
 .text.UG_WindowSetXStart
                0x08006dd0       0x64 ./Drivers/UGUI/ugui.o
                0x08006dd0                UG_WindowSetXStart
 .text.UG_WindowSetYStart
                0x08006e34       0x64 ./Drivers/UGUI/ugui.o
                0x08006e34                UG_WindowSetYStart
 .text.UG_WindowSetXEnd
                0x08006e98       0x64 ./Drivers/UGUI/ugui.o
                0x08006e98                UG_WindowSetXEnd
 .text.UG_WindowSetYEnd
                0x08006efc       0x64 ./Drivers/UGUI/ugui.o
                0x08006efc                UG_WindowSetYEnd
 .text.UG_WindowGetArea
                0x08006f60       0xd4 ./Drivers/UGUI/ugui.o
                0x08006f60                UG_WindowGetArea
 .text._UG_WindowDrawTitle
                0x08007034      0x150 ./Drivers/UGUI/ugui.o
 .text._UG_WindowUpdate
                0x08007184      0x17c ./Drivers/UGUI/ugui.o
 .text._UG_WindowClear
                0x08007300       0xac ./Drivers/UGUI/ugui.o
 .text.UG_ButtonCreate
                0x080073ac      0x114 ./Drivers/UGUI/ugui_button.o
                0x080073ac                UG_ButtonCreate
 .text.UG_ButtonSetForeColor
                0x080074c0       0x56 ./Drivers/UGUI/ugui_button.o
                0x080074c0                UG_ButtonSetForeColor
 .text.UG_ButtonSetBackColor
                0x08007516       0x56 ./Drivers/UGUI/ugui_button.o
                0x08007516                UG_ButtonSetBackColor
 .text.UG_ButtonSetText
                0x0800756c       0x54 ./Drivers/UGUI/ugui_button.o
                0x0800756c                UG_ButtonSetText
 .text.UG_ButtonSetFont
                0x080075c0       0x54 ./Drivers/UGUI/ugui_button.o
                0x080075c0                UG_ButtonSetFont
 .text.UG_ButtonSetStyle
                0x08007614      0x106 ./Drivers/UGUI/ugui_button.o
                0x08007614                UG_ButtonSetStyle
 *fill*         0x0800771a        0x2 
 .text._UG_ButtonUpdate
                0x0800771c      0x3bc ./Drivers/UGUI/ugui_button.o
 .text.UG_ProgressCreate
                0x08007ad8       0xc8 ./Drivers/UGUI/ugui_progress.o
                0x08007ad8                UG_ProgressCreate
 .text.UG_ProgressSetForeColor
                0x08007ba0       0x56 ./Drivers/UGUI/ugui_progress.o
                0x08007ba0                UG_ProgressSetForeColor
 .text.UG_ProgressSetProgress
                0x08007bf6       0x7c ./Drivers/UGUI/ugui_progress.o
                0x08007bf6                UG_ProgressSetProgress
 *fill*         0x08007c72        0x2 
 .text._UG_ProgressUpdate
                0x08007c74      0x37c ./Drivers/UGUI/ugui_progress.o
 .text.UG_TextboxCreate
                0x08007ff0       0xf8 ./Drivers/UGUI/ugui_textbox.o
                0x08007ff0                UG_TextboxCreate
 .text.UG_TextboxSetForeColor
                0x080080e8       0x56 ./Drivers/UGUI/ugui_textbox.o
                0x080080e8                UG_TextboxSetForeColor
 .text.UG_TextboxSetBackColor
                0x0800813e       0x56 ./Drivers/UGUI/ugui_textbox.o
                0x0800813e                UG_TextboxSetBackColor
 .text.UG_TextboxSetText
                0x08008194       0x54 ./Drivers/UGUI/ugui_textbox.o
                0x08008194                UG_TextboxSetText
 .text.UG_TextboxSetFont
                0x080081e8       0x54 ./Drivers/UGUI/ugui_textbox.o
                0x080081e8                UG_TextboxSetFont
 .text.UG_TextboxSetAlignment
                0x0800823c       0x56 ./Drivers/UGUI/ugui_textbox.o
                0x0800823c                UG_TextboxSetAlignment
 .text._UG_TextboxUpdate
                0x08008292      0x190 ./Drivers/UGUI/ugui_textbox.o
 *fill*         0x08008422        0x2 
 .text.sprintf  0x08008424       0x44 C:/ST/STM32CubeIDE_1.16.1/STM32CubeIDE/plugins/com.st.stm32cube.ide.mcu.externaltools.gnu-tools-for-stm32.13.3.rel1.win32_1.0.0.202411081344/tools/bin/../lib/gcc/arm-none-eabi/13.3.1/../../../../arm-none-eabi/lib/thumb/v7e-m+fp/hard\libc_nano.a(libc_a-sprintf.o)
                0x08008424                siprintf
                0x08008424                sprintf
 .text.memset   0x08008468       0x10 C:/ST/STM32CubeIDE_1.16.1/STM32CubeIDE/plugins/com.st.stm32cube.ide.mcu.externaltools.gnu-tools-for-stm32.13.3.rel1.win32_1.0.0.202411081344/tools/bin/../lib/gcc/arm-none-eabi/13.3.1/../../../../arm-none-eabi/lib/thumb/v7e-m+fp/hard\libc_nano.a(libc_a-memset.o)
                0x08008468                memset
 .text.__errno  0x08008478        0xc C:/ST/STM32CubeIDE_1.16.1/STM32CubeIDE/plugins/com.st.stm32cube.ide.mcu.externaltools.gnu-tools-for-stm32.13.3.rel1.win32_1.0.0.202411081344/tools/bin/../lib/gcc/arm-none-eabi/13.3.1/../../../../arm-none-eabi/lib/thumb/v7e-m+fp/hard\libc_nano.a(libc_a-errno.o)
                0x08008478                __errno
 .text.__libc_init_array
                0x08008484       0x48 C:/ST/STM32CubeIDE_1.16.1/STM32CubeIDE/plugins/com.st.stm32cube.ide.mcu.externaltools.gnu-tools-for-stm32.13.3.rel1.win32_1.0.0.202411081344/tools/bin/../lib/gcc/arm-none-eabi/13.3.1/../../../../arm-none-eabi/lib/thumb/v7e-m+fp/hard\libc_nano.a(libc_a-init.o)
                0x08008484                __libc_init_array
 .text.__retarget_lock_acquire_recursive
                0x080084cc        0x2 C:/ST/STM32CubeIDE_1.16.1/STM32CubeIDE/plugins/com.st.stm32cube.ide.mcu.externaltools.gnu-tools-for-stm32.13.3.rel1.win32_1.0.0.202411081344/tools/bin/../lib/gcc/arm-none-eabi/13.3.1/../../../../arm-none-eabi/lib/thumb/v7e-m+fp/hard\libc_nano.a(libc_a-lock.o)
                0x080084cc                __retarget_lock_acquire_recursive
 .text.__retarget_lock_release_recursive
                0x080084ce        0x2 C:/ST/STM32CubeIDE_1.16.1/STM32CubeIDE/plugins/com.st.stm32cube.ide.mcu.externaltools.gnu-tools-for-stm32.13.3.rel1.win32_1.0.0.202411081344/tools/bin/../lib/gcc/arm-none-eabi/13.3.1/../../../../arm-none-eabi/lib/thumb/v7e-m+fp/hard\libc_nano.a(libc_a-lock.o)
                0x080084ce                __retarget_lock_release_recursive
 .text._free_r  0x080084d0       0x94 C:/ST/STM32CubeIDE_1.16.1/STM32CubeIDE/plugins/com.st.stm32cube.ide.mcu.externaltools.gnu-tools-for-stm32.13.3.rel1.win32_1.0.0.202411081344/tools/bin/../lib/gcc/arm-none-eabi/13.3.1/../../../../arm-none-eabi/lib/thumb/v7e-m+fp/hard\libc_nano.a(libc_a-freer.o)
                0x080084d0                _free_r
 .text.sbrk_aligned
                0x08008564       0x44 C:/ST/STM32CubeIDE_1.16.1/STM32CubeIDE/plugins/com.st.stm32cube.ide.mcu.externaltools.gnu-tools-for-stm32.13.3.rel1.win32_1.0.0.202411081344/tools/bin/../lib/gcc/arm-none-eabi/13.3.1/../../../../arm-none-eabi/lib/thumb/v7e-m+fp/hard\libc_nano.a(libc_a-mallocr.o)
 .text._malloc_r
                0x080085a8      0x100 C:/ST/STM32CubeIDE_1.16.1/STM32CubeIDE/plugins/com.st.stm32cube.ide.mcu.externaltools.gnu-tools-for-stm32.13.3.rel1.win32_1.0.0.202411081344/tools/bin/../lib/gcc/arm-none-eabi/13.3.1/../../../../arm-none-eabi/lib/thumb/v7e-m+fp/hard\libc_nano.a(libc_a-mallocr.o)
                0x080085a8                _malloc_r
 .text.__malloc_lock
                0x080086a8        0xc C:/ST/STM32CubeIDE_1.16.1/STM32CubeIDE/plugins/com.st.stm32cube.ide.mcu.externaltools.gnu-tools-for-stm32.13.3.rel1.win32_1.0.0.202411081344/tools/bin/../lib/gcc/arm-none-eabi/13.3.1/../../../../arm-none-eabi/lib/thumb/v7e-m+fp/hard\libc_nano.a(libc_a-mlock.o)
                0x080086a8                __malloc_lock
 .text.__malloc_unlock
                0x080086b4        0xc C:/ST/STM32CubeIDE_1.16.1/STM32CubeIDE/plugins/com.st.stm32cube.ide.mcu.externaltools.gnu-tools-for-stm32.13.3.rel1.win32_1.0.0.202411081344/tools/bin/../lib/gcc/arm-none-eabi/13.3.1/../../../../arm-none-eabi/lib/thumb/v7e-m+fp/hard\libc_nano.a(libc_a-mlock.o)
                0x080086b4                __malloc_unlock
 .text.__ssputs_r
                0x080086c0       0xb6 C:/ST/STM32CubeIDE_1.16.1/STM32CubeIDE/plugins/com.st.stm32cube.ide.mcu.externaltools.gnu-tools-for-stm32.13.3.rel1.win32_1.0.0.202411081344/tools/bin/../lib/gcc/arm-none-eabi/13.3.1/../../../../arm-none-eabi/lib/thumb/v7e-m+fp/hard\libc_nano.a(libc_a-nano-svfprintf.o)
                0x080086c0                __ssputs_r
 *fill*         0x08008776        0x2 
 .text._svfprintf_r
                0x08008778      0x1f8 C:/ST/STM32CubeIDE_1.16.1/STM32CubeIDE/plugins/com.st.stm32cube.ide.mcu.externaltools.gnu-tools-for-stm32.13.3.rel1.win32_1.0.0.202411081344/tools/bin/../lib/gcc/arm-none-eabi/13.3.1/../../../../arm-none-eabi/lib/thumb/v7e-m+fp/hard\libc_nano.a(libc_a-nano-svfprintf.o)
                0x08008778                _svfiprintf_r
                0x08008778                _svfprintf_r
 .text._printf_common
                0x08008970       0xda C:/ST/STM32CubeIDE_1.16.1/STM32CubeIDE/plugins/com.st.stm32cube.ide.mcu.externaltools.gnu-tools-for-stm32.13.3.rel1.win32_1.0.0.202411081344/tools/bin/../lib/gcc/arm-none-eabi/13.3.1/../../../../arm-none-eabi/lib/thumb/v7e-m+fp/hard\libc_nano.a(libc_a-nano-vfprintf_i.o)
                0x08008970                _printf_common
 *fill*         0x08008a4a        0x2 
 .text._printf_i
                0x08008a4c      0x23c C:/ST/STM32CubeIDE_1.16.1/STM32CubeIDE/plugins/com.st.stm32cube.ide.mcu.externaltools.gnu-tools-for-stm32.13.3.rel1.win32_1.0.0.202411081344/tools/bin/../lib/gcc/arm-none-eabi/13.3.1/../../../../arm-none-eabi/lib/thumb/v7e-m+fp/hard\libc_nano.a(libc_a-nano-vfprintf_i.o)
                0x08008a4c                _printf_i
 .text.memmove  0x08008c88       0x34 C:/ST/STM32CubeIDE_1.16.1/STM32CubeIDE/plugins/com.st.stm32cube.ide.mcu.externaltools.gnu-tools-for-stm32.13.3.rel1.win32_1.0.0.202411081344/tools/bin/../lib/gcc/arm-none-eabi/13.3.1/../../../../arm-none-eabi/lib/thumb/v7e-m+fp/hard\libc_nano.a(libc_a-memmove.o)
                0x08008c88                memmove
 .text._sbrk_r  0x08008cbc       0x20 C:/ST/STM32CubeIDE_1.16.1/STM32CubeIDE/plugins/com.st.stm32cube.ide.mcu.externaltools.gnu-tools-for-stm32.13.3.rel1.win32_1.0.0.202411081344/tools/bin/../lib/gcc/arm-none-eabi/13.3.1/../../../../arm-none-eabi/lib/thumb/v7e-m+fp/hard\libc_nano.a(libc_a-sbrkr.o)
                0x08008cbc                _sbrk_r
 .text.memcpy   0x08008cdc       0x1c C:/ST/STM32CubeIDE_1.16.1/STM32CubeIDE/plugins/com.st.stm32cube.ide.mcu.externaltools.gnu-tools-for-stm32.13.3.rel1.win32_1.0.0.202411081344/tools/bin/../lib/gcc/arm-none-eabi/13.3.1/../../../../arm-none-eabi/lib/thumb/v7e-m+fp/hard\libc_nano.a(libc_a-memcpy-stub.o)
                0x08008cdc                memcpy
 .text._realloc_r
                0x08008cf8       0x5c C:/ST/STM32CubeIDE_1.16.1/STM32CubeIDE/plugins/com.st.stm32cube.ide.mcu.externaltools.gnu-tools-for-stm32.13.3.rel1.win32_1.0.0.202411081344/tools/bin/../lib/gcc/arm-none-eabi/13.3.1/../../../../arm-none-eabi/lib/thumb/v7e-m+fp/hard\libc_nano.a(libc_a-reallocr.o)
                0x08008cf8                _realloc_r
 .text._malloc_usable_size_r
                0x08008d54       0x10 C:/ST/STM32CubeIDE_1.16.1/STM32CubeIDE/plugins/com.st.stm32cube.ide.mcu.externaltools.gnu-tools-for-stm32.13.3.rel1.win32_1.0.0.202411081344/tools/bin/../lib/gcc/arm-none-eabi/13.3.1/../../../../arm-none-eabi/lib/thumb/v7e-m+fp/hard\libc_nano.a(libc_a-msizer.o)
                0x08008d54                _malloc_usable_size_r
 *(.glue_7)
 .glue_7        0x08008d64        0x0 linker stubs
 *(.glue_7t)
 .glue_7t       0x08008d64        0x0 linker stubs
 *(.eh_frame)
 .eh_frame      0x08008d64        0x0 C:/ST/STM32CubeIDE_1.16.1/STM32CubeIDE/plugins/com.st.stm32cube.ide.mcu.externaltools.gnu-tools-for-stm32.13.3.rel1.win32_1.0.0.202411081344/tools/bin/../lib/gcc/arm-none-eabi/13.3.1/thumb/v7e-m+fp/hard/crtbegin.o
 *(.init)
 .init          0x08008d64        0x4 C:/ST/STM32CubeIDE_1.16.1/STM32CubeIDE/plugins/com.st.stm32cube.ide.mcu.externaltools.gnu-tools-for-stm32.13.3.rel1.win32_1.0.0.202411081344/tools/bin/../lib/gcc/arm-none-eabi/13.3.1/thumb/v7e-m+fp/hard/crti.o
                0x08008d64                _init
 .init          0x08008d68        0x8 C:/ST/STM32CubeIDE_1.16.1/STM32CubeIDE/plugins/com.st.stm32cube.ide.mcu.externaltools.gnu-tools-for-stm32.13.3.rel1.win32_1.0.0.202411081344/tools/bin/../lib/gcc/arm-none-eabi/13.3.1/thumb/v7e-m+fp/hard/crtn.o
 *(.fini)
 .fini          0x08008d70        0x4 C:/ST/STM32CubeIDE_1.16.1/STM32CubeIDE/plugins/com.st.stm32cube.ide.mcu.externaltools.gnu-tools-for-stm32.13.3.rel1.win32_1.0.0.202411081344/tools/bin/../lib/gcc/arm-none-eabi/13.3.1/thumb/v7e-m+fp/hard/crti.o
                0x08008d70                _fini
 .fini          0x08008d74        0x8 C:/ST/STM32CubeIDE_1.16.1/STM32CubeIDE/plugins/com.st.stm32cube.ide.mcu.externaltools.gnu-tools-for-stm32.13.3.rel1.win32_1.0.0.202411081344/tools/bin/../lib/gcc/arm-none-eabi/13.3.1/thumb/v7e-m+fp/hard/crtn.o
                0x08008d7c                        . = ALIGN (0x4)
                0x08008d7c                        _etext = .

.vfp11_veneer   0x08008d7c        0x0
 .vfp11_veneer  0x08008d7c        0x0 linker stubs

.v4_bx          0x08008d7c        0x0
 .v4_bx         0x08008d7c        0x0 linker stubs

.iplt           0x08008d7c        0x0
 .iplt          0x08008d7c        0x0 C:/ST/STM32CubeIDE_1.16.1/STM32CubeIDE/plugins/com.st.stm32cube.ide.mcu.externaltools.gnu-tools-for-stm32.13.3.rel1.win32_1.0.0.202411081344/tools/bin/../lib/gcc/arm-none-eabi/13.3.1/thumb/v7e-m+fp/hard/crtbegin.o

.rodata         0x08008d7c    0x1777c
                0x08008d7c                        . = ALIGN (0x4)
 *(.rodata)
 .rodata        0x08008d7c       0xde ./Drivers/LCD/lcd.o
 *fill*         0x08008e5a        0x2 
 .rodata        0x08008e5c        0x2 ./Drivers/UGUI/ugui_button.o
 *(.rodata*)
 *fill*         0x08008e5e        0x2 
 .rodata.AHBPrescTable
                0x08008e60       0x10 ./Core/Src/system_stm32f4xx.o
                0x08008e60                AHBPrescTable
 .rodata.APBPrescTable
                0x08008e70        0x8 ./Core/Src/system_stm32f4xx.o
                0x08008e70                APBPrescTable
 .rodata.fry_data
                0x08008e78     0x4494 ./Drivers/LCD/images.o
                0x08008e78                fry_data
 .rodata.init_cmd
                0x0800d30c       0x4c ./Drivers/LCD/lcd.o
                0x0800d30c                init_cmd
 .rodata.flagBitshiftOffset.0
                0x0800d358        0x8 ./Drivers/STM32F4xx_HAL_Driver/Src/stm32f4xx_hal_dma.o
 .rodata.FONT_arial_49X57
                0x0800d360    0x128f4 ./Drivers/UGUI/Fonts/arial_49X57.o
                0x0800d360                FONT_arial_49X57
 .rodata.FONT_6X8
                0x0801fc54      0x80f ./Drivers/UGUI/Fonts/font_6x8.o
                0x0801fc54                FONT_6X8
 *fill*         0x08020463        0x1 
 .rodata.pal_window
                0x08020464       0x18 ./Drivers/UGUI/ugui.o
 .rodata.pal_button_pressed
                0x0802047c       0x18 ./Drivers/UGUI/ugui_button.o
                0x0802047c                pal_button_pressed
 .rodata.pal_button_released
                0x08020494       0x18 ./Drivers/UGUI/ugui_button.o
                0x08020494                pal_button_released
 .rodata.pal_progress
                0x080204ac       0x18 ./Drivers/UGUI/ugui_progress.o
                0x080204ac                pal_progress
 .rodata._svfprintf_r.str1.1
                0x080204c4       0x33 C:/ST/STM32CubeIDE_1.16.1/STM32CubeIDE/plugins/com.st.stm32cube.ide.mcu.externaltools.gnu-tools-for-stm32.13.3.rel1.win32_1.0.0.202411081344/tools/bin/../lib/gcc/arm-none-eabi/13.3.1/../../../../arm-none-eabi/lib/thumb/v7e-m+fp/hard\libc_nano.a(libc_a-nano-svfprintf.o)
                                 0x11 (size before relaxing)
 .rodata._printf_i.str1.1
                0x080204f7       0x22 C:/ST/STM32CubeIDE_1.16.1/STM32CubeIDE/plugins/com.st.stm32cube.ide.mcu.externaltools.gnu-tools-for-stm32.13.3.rel1.win32_1.0.0.202411081344/tools/bin/../lib/gcc/arm-none-eabi/13.3.1/../../../../arm-none-eabi/lib/thumb/v7e-m+fp/hard\libc_nano.a(libc_a-nano-vfprintf_i.o)
                0x0802051c                        . = ALIGN (0x4)
 *fill*         0x080204f7        0x1 

.ARM.extab      0x080204f8        0x0
                0x080204f8                        . = ALIGN (0x4)
 *(.ARM.extab* .gnu.linkonce.armextab.*)
                0x080204f8                        . = ALIGN (0x4)

.ARM            0x080204f8        0x8
                0x080204f8                        . = ALIGN (0x4)
                0x080204f8                        __exidx_start = .
 *(.ARM.exidx*)
 .ARM.exidx     0x080204f8        0x8 C:/ST/STM32CubeIDE_1.16.1/STM32CubeIDE/plugins/com.st.stm32cube.ide.mcu.externaltools.gnu-tools-for-stm32.13.3.rel1.win32_1.0.0.202411081344/tools/bin/../lib/gcc/arm-none-eabi/13.3.1/../../../../arm-none-eabi/lib/thumb/v7e-m+fp/hard\libc_nano.a(libc_a-memchr.o)
 .ARM.exidx     0x08020500        0x0 C:/ST/STM32CubeIDE_1.16.1/STM32CubeIDE/plugins/com.st.stm32cube.ide.mcu.externaltools.gnu-tools-for-stm32.13.3.rel1.win32_1.0.0.202411081344/tools/bin/../lib/gcc/arm-none-eabi/13.3.1/thumb/v7e-m+fp/hard\libgcc.a(_udivmoddi4.o)
                                  0x8 (size before relaxing)
                0x08020500                        __exidx_end = .
                0x08020500                        . = ALIGN (0x4)

.preinit_array  0x08020500        0x0
                0x08020500                        . = ALIGN (0x4)
                0x08020500                        PROVIDE (__preinit_array_start = .)
 *(.preinit_array*)
                0x08020500                        PROVIDE (__preinit_array_end = .)
                0x08020500                        . = ALIGN (0x4)

.init_array     0x08020500        0x4
                0x08020500                        . = ALIGN (0x4)
                0x08020500                        PROVIDE (__init_array_start = .)
 *(SORT_BY_NAME(.init_array.*))
 *(.init_array*)
 .init_array    0x08020500        0x4 C:/ST/STM32CubeIDE_1.16.1/STM32CubeIDE/plugins/com.st.stm32cube.ide.mcu.externaltools.gnu-tools-for-stm32.13.3.rel1.win32_1.0.0.202411081344/tools/bin/../lib/gcc/arm-none-eabi/13.3.1/thumb/v7e-m+fp/hard/crtbegin.o
                0x08020504                        PROVIDE (__init_array_end = .)
                0x08020504                        . = ALIGN (0x4)

.fini_array     0x08020504        0x4
                0x08020504                        . = ALIGN (0x4)
                [!provide]                        PROVIDE (__fini_array_start = .)
 *(SORT_BY_NAME(.fini_array.*))
 *(.fini_array*)
 .fini_array    0x08020504        0x4 C:/ST/STM32CubeIDE_1.16.1/STM32CubeIDE/plugins/com.st.stm32cube.ide.mcu.externaltools.gnu-tools-for-stm32.13.3.rel1.win32_1.0.0.202411081344/tools/bin/../lib/gcc/arm-none-eabi/13.3.1/thumb/v7e-m+fp/hard/crtbegin.o
                [!provide]                        PROVIDE (__fini_array_end = .)
                0x08020508                        . = ALIGN (0x4)
                0x08020508                        _sidata = LOADADDR (.data)

.rel.dyn        0x08020508        0x0
 .rel.iplt      0x08020508        0x0 C:/ST/STM32CubeIDE_1.16.1/STM32CubeIDE/plugins/com.st.stm32cube.ide.mcu.externaltools.gnu-tools-for-stm32.13.3.rel1.win32_1.0.0.202411081344/tools/bin/../lib/gcc/arm-none-eabi/13.3.1/thumb/v7e-m+fp/hard/crtbegin.o

.data           0x20000000       0x78 load address 0x08020508
                0x20000000                        . = ALIGN (0x4)
                0x20000000                        _sdata = .
 *(.data)
 *(.data*)
 .data.SystemCoreClock
                0x20000000        0x4 ./Core/Src/system_stm32f4xx.o
                0x20000000                SystemCoreClock
 .data.fry      0x20000004        0xc ./Drivers/LCD/images.o
                0x20000004                fry
 .data.config   0x20000010        0x3 ./Drivers/LCD/lcd.o
                0x20000010                config
 *fill*         0x20000013        0x1 
 .data.device   0x20000014        0xc ./Drivers/LCD/lcd.o
 .data.uwTickPrio
                0x20000020        0x4 ./Drivers/STM32F4xx_HAL_Driver/Src/stm32f4xx_hal.o
                0x20000020                uwTickPrio
 .data.uwTickFreq
                0x20000024        0x1 ./Drivers/STM32F4xx_HAL_Driver/Src/stm32f4xx_hal.o
                0x20000024                uwTickFreq
 *fill*         0x20000025        0x3 
 .data._impure_ptr
                0x20000028        0x4 C:/ST/STM32CubeIDE_1.16.1/STM32CubeIDE/plugins/com.st.stm32cube.ide.mcu.externaltools.gnu-tools-for-stm32.13.3.rel1.win32_1.0.0.202411081344/tools/bin/../lib/gcc/arm-none-eabi/13.3.1/../../../../arm-none-eabi/lib/thumb/v7e-m+fp/hard\libc_nano.a(libc_a-impure.o)
                0x20000028                _impure_ptr
 .data._impure_data
                0x2000002c       0x4c C:/ST/STM32CubeIDE_1.16.1/STM32CubeIDE/plugins/com.st.stm32cube.ide.mcu.externaltools.gnu-tools-for-stm32.13.3.rel1.win32_1.0.0.202411081344/tools/bin/../lib/gcc/arm-none-eabi/13.3.1/../../../../arm-none-eabi/lib/thumb/v7e-m+fp/hard\libc_nano.a(libc_a-impure.o)
                0x2000002c                _impure_data
 *(.RamFunc)
 *(.RamFunc*)
                0x20000078                        . = ALIGN (0x4)
                0x20000078                        _edata = .

.igot.plt       0x20000078        0x0 load address 0x08020580
 .igot.plt      0x20000078        0x0 C:/ST/STM32CubeIDE_1.16.1/STM32CubeIDE/plugins/com.st.stm32cube.ide.mcu.externaltools.gnu-tools-for-stm32.13.3.rel1.win32_1.0.0.202411081344/tools/bin/../lib/gcc/arm-none-eabi/13.3.1/thumb/v7e-m+fp/hard/crtbegin.o
                0x20000078                        . = ALIGN (0x4)

.bss            0x20000078      0x4c8 load address 0x08020580
                0x20000078                        _sbss = .
                0x20000078                        __bss_start__ = _sbss
 *(.bss)
 .bss           0x20000078       0x1c C:/ST/STM32CubeIDE_1.16.1/STM32CubeIDE/plugins/com.st.stm32cube.ide.mcu.externaltools.gnu-tools-for-stm32.13.3.rel1.win32_1.0.0.202411081344/tools/bin/../lib/gcc/arm-none-eabi/13.3.1/thumb/v7e-m+fp/hard/crtbegin.o
 *(.bss*)
 .bss.hspi1     0x20000094       0x58 ./Core/Src/main.o
                0x20000094                hspi1
 .bss.hdma_spi1_tx
                0x200000ec       0x60 ./Core/Src/main.o
                0x200000ec                hdma_spi1_tx
 .bss.huart2    0x2000014c       0x48 ./Core/Src/main.o
                0x2000014c                huart2
 .bss.__sbrk_heap_end
                0x20000194        0x4 ./Core/Src/sysmem.o
 .bss.str       0x20000198       0x20 ./Drivers/LCD/lcd.o
                0x20000198                str
 .bss.gui       0x200001b8       0x74 ./Drivers/LCD/lcd.o
 .bss.draw_time
                0x2000022c        0x4 ./Drivers/LCD/lcd.o
 .bss.window_1  0x20000230       0x34 ./Drivers/LCD/lcd.o
 .bss.button_1  0x20000264       0x18 ./Drivers/LCD/lcd.o
 .bss.textbox_1
                0x2000027c       0x14 ./Drivers/LCD/lcd.o
 .bss.obj_buff_wnd_1
                0x20000290      0x140 ./Drivers/LCD/lcd.o
 .bss.pgb       0x200003d0        0x8 ./Drivers/LCD/lcd.o
 .bss.uwTick    0x200003d8        0x4 ./Drivers/STM32F4xx_HAL_Driver/Src/stm32f4xx_hal.o
                0x200003d8                uwTick
 .bss.gui       0x200003dc        0x4 ./Drivers/UGUI/ugui.o
 .bss.last_font.4
                0x200003e0        0x4 ./Drivers/UGUI/ugui.o
 .bss.last_encoding.3
                0x200003e4        0x2 ./Drivers/UGUI/ugui.o
 *fill*         0x200003e6        0x2 
 .bss.last_p.2  0x200003e8        0x4 ./Drivers/UGUI/ugui.o
 .bss.last_width.1
                0x200003ec        0x2 ./Drivers/UGUI/ugui.o
 *fill*         0x200003ee        0x2 
 .bss.msg.0     0x200003f0        0x8 ./Drivers/UGUI/ugui.o
 .bss.__sf      0x200003f8      0x138 C:/ST/STM32CubeIDE_1.16.1/STM32CubeIDE/plugins/com.st.stm32cube.ide.mcu.externaltools.gnu-tools-for-stm32.13.3.rel1.win32_1.0.0.202411081344/tools/bin/../lib/gcc/arm-none-eabi/13.3.1/../../../../arm-none-eabi/lib/thumb/v7e-m+fp/hard\libc_nano.a(libc_a-findfp.o)
                0x200003f8                __sf
 .bss.errno     0x20000530        0x4 C:/ST/STM32CubeIDE_1.16.1/STM32CubeIDE/plugins/com.st.stm32cube.ide.mcu.externaltools.gnu-tools-for-stm32.13.3.rel1.win32_1.0.0.202411081344/tools/bin/../lib/gcc/arm-none-eabi/13.3.1/../../../../arm-none-eabi/lib/thumb/v7e-m+fp/hard\libc_nano.a(libc_a-reent.o)
                0x20000530                errno
 .bss.__lock___malloc_recursive_mutex
                0x20000534        0x1 C:/ST/STM32CubeIDE_1.16.1/STM32CubeIDE/plugins/com.st.stm32cube.ide.mcu.externaltools.gnu-tools-for-stm32.13.3.rel1.win32_1.0.0.202411081344/tools/bin/../lib/gcc/arm-none-eabi/13.3.1/../../../../arm-none-eabi/lib/thumb/v7e-m+fp/hard\libc_nano.a(libc_a-lock.o)
                0x20000534                __lock___malloc_recursive_mutex
 *fill*         0x20000535        0x3 
 .bss.__malloc_sbrk_start
                0x20000538        0x4 C:/ST/STM32CubeIDE_1.16.1/STM32CubeIDE/plugins/com.st.stm32cube.ide.mcu.externaltools.gnu-tools-for-stm32.13.3.rel1.win32_1.0.0.202411081344/tools/bin/../lib/gcc/arm-none-eabi/13.3.1/../../../../arm-none-eabi/lib/thumb/v7e-m+fp/hard\libc_nano.a(libc_a-mallocr.o)
                0x20000538                __malloc_sbrk_start
 .bss.__malloc_free_list
                0x2000053c        0x4 C:/ST/STM32CubeIDE_1.16.1/STM32CubeIDE/plugins/com.st.stm32cube.ide.mcu.externaltools.gnu-tools-for-stm32.13.3.rel1.win32_1.0.0.202411081344/tools/bin/../lib/gcc/arm-none-eabi/13.3.1/../../../../arm-none-eabi/lib/thumb/v7e-m+fp/hard\libc_nano.a(libc_a-mallocr.o)
                0x2000053c                __malloc_free_list
 *(COMMON)
                0x20000540                        . = ALIGN (0x4)
                0x20000540                        _ebss = .
                0x20000540                        __bss_end__ = _ebss

._user_heap_stack
                0x20000540      0x600 load address 0x08020580
                0x20000540                        . = ALIGN (0x8)
                [!provide]                        PROVIDE (end = .)
                0x20000540                        PROVIDE (_end = .)
                0x20000740                        . = (. + _Min_Heap_Size)
 *fill*         0x20000540      0x200 
                0x20000b40                        . = (. + _Min_Stack_Size)
 *fill*         0x20000740      0x400 
                0x20000b40                        . = ALIGN (0x8)

/DISCARD/
 libc.a(*)
 libm.a(*)
 libgcc.a(*)

.ARM.attributes
                0x00000000       0x30
 *(.ARM.attributes)
 .ARM.attributes
                0x00000000       0x22 C:/ST/STM32CubeIDE_1.16.1/STM32CubeIDE/plugins/com.st.stm32cube.ide.mcu.externaltools.gnu-tools-for-stm32.13.3.rel1.win32_1.0.0.202411081344/tools/bin/../lib/gcc/arm-none-eabi/13.3.1/thumb/v7e-m+fp/hard/crti.o
 .ARM.attributes
                0x00000022       0x34 C:/ST/STM32CubeIDE_1.16.1/STM32CubeIDE/plugins/com.st.stm32cube.ide.mcu.externaltools.gnu-tools-for-stm32.13.3.rel1.win32_1.0.0.202411081344/tools/bin/../lib/gcc/arm-none-eabi/13.3.1/thumb/v7e-m+fp/hard/crtbegin.o
 .ARM.attributes
                0x00000056       0x34 ./Core/Src/main.o
 .ARM.attributes
                0x0000008a       0x34 ./Core/Src/stm32f4xx_hal_msp.o
 .ARM.attributes
                0x000000be       0x34 ./Core/Src/stm32f4xx_it.o
 .ARM.attributes
                0x000000f2       0x34 ./Core/Src/sysmem.o
 .ARM.attributes
                0x00000126       0x34 ./Core/Src/system_stm32f4xx.o
 .ARM.attributes
                0x0000015a       0x21 ./Core/Startup/startup_stm32f411retx.o
 .ARM.attributes
                0x0000017b       0x34 ./Drivers/LCD/images.o
 .ARM.attributes
                0x000001af       0x34 ./Drivers/LCD/lcd.o
 .ARM.attributes
                0x000001e3       0x34 ./Drivers/STM32F4xx_HAL_Driver/Src/stm32f4xx_hal.o
 .ARM.attributes
                0x00000217       0x34 ./Drivers/STM32F4xx_HAL_Driver/Src/stm32f4xx_hal_cortex.o
 .ARM.attributes
                0x0000024b       0x34 ./Drivers/STM32F4xx_HAL_Driver/Src/stm32f4xx_hal_dma.o
 .ARM.attributes
                0x0000027f       0x34 ./Drivers/STM32F4xx_HAL_Driver/Src/stm32f4xx_hal_gpio.o
 .ARM.attributes
                0x000002b3       0x34 ./Drivers/STM32F4xx_HAL_Driver/Src/stm32f4xx_hal_rcc.o
 .ARM.attributes
                0x000002e7       0x34 ./Drivers/STM32F4xx_HAL_Driver/Src/stm32f4xx_hal_spi.o
 .ARM.attributes
                0x0000031b       0x34 ./Drivers/STM32F4xx_HAL_Driver/Src/stm32f4xx_hal_uart.o
 .ARM.attributes
                0x0000034f       0x34 ./Drivers/UGUI/Fonts/arial_49X57.o
 .ARM.attributes
                0x00000383       0x34 ./Drivers/UGUI/Fonts/font_6x8.o
 .ARM.attributes
                0x000003b7       0x34 ./Drivers/UGUI/ugui.o
 .ARM.attributes
                0x000003eb       0x34 ./Drivers/UGUI/ugui_button.o
 .ARM.attributes
                0x0000041f       0x34 ./Drivers/UGUI/ugui_progress.o
 .ARM.attributes
                0x00000453       0x34 ./Drivers/UGUI/ugui_textbox.o
 .ARM.attributes
                0x00000487       0x34 C:/ST/STM32CubeIDE_1.16.1/STM32CubeIDE/plugins/com.st.stm32cube.ide.mcu.externaltools.gnu-tools-for-stm32.13.3.rel1.win32_1.0.0.202411081344/tools/bin/../lib/gcc/arm-none-eabi/13.3.1/../../../../arm-none-eabi/lib/thumb/v7e-m+fp/hard\libc_nano.a(libc_a-findfp.o)
 .ARM.attributes
                0x000004bb       0x34 C:/ST/STM32CubeIDE_1.16.1/STM32CubeIDE/plugins/com.st.stm32cube.ide.mcu.externaltools.gnu-tools-for-stm32.13.3.rel1.win32_1.0.0.202411081344/tools/bin/../lib/gcc/arm-none-eabi/13.3.1/../../../../arm-none-eabi/lib/thumb/v7e-m+fp/hard\libc_nano.a(libc_a-sprintf.o)
 .ARM.attributes
                0x000004ef       0x34 C:/ST/STM32CubeIDE_1.16.1/STM32CubeIDE/plugins/com.st.stm32cube.ide.mcu.externaltools.gnu-tools-for-stm32.13.3.rel1.win32_1.0.0.202411081344/tools/bin/../lib/gcc/arm-none-eabi/13.3.1/../../../../arm-none-eabi/lib/thumb/v7e-m+fp/hard\libc_nano.a(libc_a-memset.o)
 .ARM.attributes
                0x00000523       0x34 C:/ST/STM32CubeIDE_1.16.1/STM32CubeIDE/plugins/com.st.stm32cube.ide.mcu.externaltools.gnu-tools-for-stm32.13.3.rel1.win32_1.0.0.202411081344/tools/bin/../lib/gcc/arm-none-eabi/13.3.1/../../../../arm-none-eabi/lib/thumb/v7e-m+fp/hard\libc_nano.a(libc_a-reent.o)
 .ARM.attributes
                0x00000557       0x34 C:/ST/STM32CubeIDE_1.16.1/STM32CubeIDE/plugins/com.st.stm32cube.ide.mcu.externaltools.gnu-tools-for-stm32.13.3.rel1.win32_1.0.0.202411081344/tools/bin/../lib/gcc/arm-none-eabi/13.3.1/../../../../arm-none-eabi/lib/thumb/v7e-m+fp/hard\libc_nano.a(libc_a-impure.o)
 .ARM.attributes
                0x0000058b       0x34 C:/ST/STM32CubeIDE_1.16.1/STM32CubeIDE/plugins/com.st.stm32cube.ide.mcu.externaltools.gnu-tools-for-stm32.13.3.rel1.win32_1.0.0.202411081344/tools/bin/../lib/gcc/arm-none-eabi/13.3.1/../../../../arm-none-eabi/lib/thumb/v7e-m+fp/hard\libc_nano.a(libc_a-errno.o)
 .ARM.attributes
                0x000005bf       0x34 C:/ST/STM32CubeIDE_1.16.1/STM32CubeIDE/plugins/com.st.stm32cube.ide.mcu.externaltools.gnu-tools-for-stm32.13.3.rel1.win32_1.0.0.202411081344/tools/bin/../lib/gcc/arm-none-eabi/13.3.1/../../../../arm-none-eabi/lib/thumb/v7e-m+fp/hard\libc_nano.a(libc_a-init.o)
 .ARM.attributes
                0x000005f3       0x34 C:/ST/STM32CubeIDE_1.16.1/STM32CubeIDE/plugins/com.st.stm32cube.ide.mcu.externaltools.gnu-tools-for-stm32.13.3.rel1.win32_1.0.0.202411081344/tools/bin/../lib/gcc/arm-none-eabi/13.3.1/../../../../arm-none-eabi/lib/thumb/v7e-m+fp/hard\libc_nano.a(libc_a-lock.o)
 .ARM.attributes
                0x00000627       0x34 C:/ST/STM32CubeIDE_1.16.1/STM32CubeIDE/plugins/com.st.stm32cube.ide.mcu.externaltools.gnu-tools-for-stm32.13.3.rel1.win32_1.0.0.202411081344/tools/bin/../lib/gcc/arm-none-eabi/13.3.1/../../../../arm-none-eabi/lib/thumb/v7e-m+fp/hard\libc_nano.a(libc_a-freer.o)
 .ARM.attributes
                0x0000065b       0x34 C:/ST/STM32CubeIDE_1.16.1/STM32CubeIDE/plugins/com.st.stm32cube.ide.mcu.externaltools.gnu-tools-for-stm32.13.3.rel1.win32_1.0.0.202411081344/tools/bin/../lib/gcc/arm-none-eabi/13.3.1/../../../../arm-none-eabi/lib/thumb/v7e-m+fp/hard\libc_nano.a(libc_a-mallocr.o)
 .ARM.attributes
                0x0000068f       0x34 C:/ST/STM32CubeIDE_1.16.1/STM32CubeIDE/plugins/com.st.stm32cube.ide.mcu.externaltools.gnu-tools-for-stm32.13.3.rel1.win32_1.0.0.202411081344/tools/bin/../lib/gcc/arm-none-eabi/13.3.1/../../../../arm-none-eabi/lib/thumb/v7e-m+fp/hard\libc_nano.a(libc_a-mlock.o)
 .ARM.attributes
                0x000006c3       0x34 C:/ST/STM32CubeIDE_1.16.1/STM32CubeIDE/plugins/com.st.stm32cube.ide.mcu.externaltools.gnu-tools-for-stm32.13.3.rel1.win32_1.0.0.202411081344/tools/bin/../lib/gcc/arm-none-eabi/13.3.1/../../../../arm-none-eabi/lib/thumb/v7e-m+fp/hard\libc_nano.a(libc_a-nano-svfprintf.o)
 .ARM.attributes
                0x000006f7       0x34 C:/ST/STM32CubeIDE_1.16.1/STM32CubeIDE/plugins/com.st.stm32cube.ide.mcu.externaltools.gnu-tools-for-stm32.13.3.rel1.win32_1.0.0.202411081344/tools/bin/../lib/gcc/arm-none-eabi/13.3.1/../../../../arm-none-eabi/lib/thumb/v7e-m+fp/hard\libc_nano.a(libc_a-nano-vfprintf_i.o)
 .ARM.attributes
                0x0000072b       0x34 C:/ST/STM32CubeIDE_1.16.1/STM32CubeIDE/plugins/com.st.stm32cube.ide.mcu.externaltools.gnu-tools-for-stm32.13.3.rel1.win32_1.0.0.202411081344/tools/bin/../lib/gcc/arm-none-eabi/13.3.1/../../../../arm-none-eabi/lib/thumb/v7e-m+fp/hard\libc_nano.a(libc_a-memmove.o)
 .ARM.attributes
                0x0000075f       0x34 C:/ST/STM32CubeIDE_1.16.1/STM32CubeIDE/plugins/com.st.stm32cube.ide.mcu.externaltools.gnu-tools-for-stm32.13.3.rel1.win32_1.0.0.202411081344/tools/bin/../lib/gcc/arm-none-eabi/13.3.1/../../../../arm-none-eabi/lib/thumb/v7e-m+fp/hard\libc_nano.a(libc_a-sbrkr.o)
 .ARM.attributes
                0x00000793       0x1c C:/ST/STM32CubeIDE_1.16.1/STM32CubeIDE/plugins/com.st.stm32cube.ide.mcu.externaltools.gnu-tools-for-stm32.13.3.rel1.win32_1.0.0.202411081344/tools/bin/../lib/gcc/arm-none-eabi/13.3.1/../../../../arm-none-eabi/lib/thumb/v7e-m+fp/hard\libc_nano.a(libc_a-memchr.o)
 .ARM.attributes
                0x000007af       0x34 C:/ST/STM32CubeIDE_1.16.1/STM32CubeIDE/plugins/com.st.stm32cube.ide.mcu.externaltools.gnu-tools-for-stm32.13.3.rel1.win32_1.0.0.202411081344/tools/bin/../lib/gcc/arm-none-eabi/13.3.1/../../../../arm-none-eabi/lib/thumb/v7e-m+fp/hard\libc_nano.a(libc_a-memcpy-stub.o)
 .ARM.attributes
                0x000007e3       0x34 C:/ST/STM32CubeIDE_1.16.1/STM32CubeIDE/plugins/com.st.stm32cube.ide.mcu.externaltools.gnu-tools-for-stm32.13.3.rel1.win32_1.0.0.202411081344/tools/bin/../lib/gcc/arm-none-eabi/13.3.1/../../../../arm-none-eabi/lib/thumb/v7e-m+fp/hard\libc_nano.a(libc_a-reallocr.o)
 .ARM.attributes
                0x00000817       0x34 C:/ST/STM32CubeIDE_1.16.1/STM32CubeIDE/plugins/com.st.stm32cube.ide.mcu.externaltools.gnu-tools-for-stm32.13.3.rel1.win32_1.0.0.202411081344/tools/bin/../lib/gcc/arm-none-eabi/13.3.1/../../../../arm-none-eabi/lib/thumb/v7e-m+fp/hard\libc_nano.a(libc_a-msizer.o)
 .ARM.attributes
                0x0000084b       0x22 C:/ST/STM32CubeIDE_1.16.1/STM32CubeIDE/plugins/com.st.stm32cube.ide.mcu.externaltools.gnu-tools-for-stm32.13.3.rel1.win32_1.0.0.202411081344/tools/bin/../lib/gcc/arm-none-eabi/13.3.1/thumb/v7e-m+fp/hard\libgcc.a(_aeabi_uldivmod.o)
 .ARM.attributes
                0x0000086d       0x34 C:/ST/STM32CubeIDE_1.16.1/STM32CubeIDE/plugins/com.st.stm32cube.ide.mcu.externaltools.gnu-tools-for-stm32.13.3.rel1.win32_1.0.0.202411081344/tools/bin/../lib/gcc/arm-none-eabi/13.3.1/thumb/v7e-m+fp/hard\libgcc.a(_udivmoddi4.o)
 .ARM.attributes
                0x000008a1       0x22 C:/ST/STM32CubeIDE_1.16.1/STM32CubeIDE/plugins/com.st.stm32cube.ide.mcu.externaltools.gnu-tools-for-stm32.13.3.rel1.win32_1.0.0.202411081344/tools/bin/../lib/gcc/arm-none-eabi/13.3.1/thumb/v7e-m+fp/hard\libgcc.a(_dvmd_tls.o)
 .ARM.attributes
                0x000008c3       0x22 C:/ST/STM32CubeIDE_1.16.1/STM32CubeIDE/plugins/com.st.stm32cube.ide.mcu.externaltools.gnu-tools-for-stm32.13.3.rel1.win32_1.0.0.202411081344/tools/bin/../lib/gcc/arm-none-eabi/13.3.1/thumb/v7e-m+fp/hard/crtn.o
OUTPUT(TFT_Screen.elf elf32-littlearm)
LOAD linker stubs
LOAD C:/ST/STM32CubeIDE_1.16.1/STM32CubeIDE/plugins/com.st.stm32cube.ide.mcu.externaltools.gnu-tools-for-stm32.13.3.rel1.win32_1.0.0.202411081344/tools/bin/../lib/gcc/arm-none-eabi/13.3.1/../../../../arm-none-eabi/lib/thumb/v7e-m+fp/hard\libc.a
LOAD C:/ST/STM32CubeIDE_1.16.1/STM32CubeIDE/plugins/com.st.stm32cube.ide.mcu.externaltools.gnu-tools-for-stm32.13.3.rel1.win32_1.0.0.202411081344/tools/bin/../lib/gcc/arm-none-eabi/13.3.1/../../../../arm-none-eabi/lib/thumb/v7e-m+fp/hard\libm.a
LOAD C:/ST/STM32CubeIDE_1.16.1/STM32CubeIDE/plugins/com.st.stm32cube.ide.mcu.externaltools.gnu-tools-for-stm32.13.3.rel1.win32_1.0.0.202411081344/tools/bin/../lib/gcc/arm-none-eabi/13.3.1/thumb/v7e-m+fp/hard\libgcc.a

.debug_info     0x00000000    0x115f9
 .debug_info    0x00000000     0x12a1 ./Core/Src/main.o
 .debug_info    0x000012a1      0xc8d ./Core/Src/stm32f4xx_hal_msp.o
 .debug_info    0x00001f2e      0x3bf ./Core/Src/stm32f4xx_it.o
 .debug_info    0x000022ed      0x168 ./Core/Src/sysmem.o
 .debug_info    0x00002455      0x53e ./Core/Src/system_stm32f4xx.o
 .debug_info    0x00002993       0x30 ./Core/Startup/startup_stm32f411retx.o
 .debug_info    0x000029c3      0x165 ./Drivers/LCD/images.o
 .debug_info    0x00002b28     0x20d0 ./Drivers/LCD/lcd.o
 .debug_info    0x00004bf8      0x8c4 ./Drivers/STM32F4xx_HAL_Driver/Src/stm32f4xx_hal.o
 .debug_info    0x000054bc      0xcfc ./Drivers/STM32F4xx_HAL_Driver/Src/stm32f4xx_hal_cortex.o
 .debug_info    0x000061b8      0x8e6 ./Drivers/STM32F4xx_HAL_Driver/Src/stm32f4xx_hal_dma.o
 .debug_info    0x00006a9e      0x6f9 ./Drivers/STM32F4xx_HAL_Driver/Src/stm32f4xx_hal_gpio.o
 .debug_info    0x00007197      0x904 ./Drivers/STM32F4xx_HAL_Driver/Src/stm32f4xx_hal_rcc.o
 .debug_info    0x00007a9b     0x1530 ./Drivers/STM32F4xx_HAL_Driver/Src/stm32f4xx_hal_spi.o
 .debug_info    0x00008fcb     0x2f56 ./Drivers/STM32F4xx_HAL_Driver/Src/stm32f4xx_hal_uart.o
 .debug_info    0x0000bf21       0xf2 ./Drivers/UGUI/Fonts/arial_49X57.o
 .debug_info    0x0000c013       0xf0 ./Drivers/UGUI/Fonts/font_6x8.o
 .debug_info    0x0000c103     0x2848 ./Drivers/UGUI/ugui.o
 .debug_info    0x0000e94b     0x12cc ./Drivers/UGUI/ugui_button.o
 .debug_info    0x0000fc17      0xa44 ./Drivers/UGUI/ugui_progress.o
 .debug_info    0x0001065b      0xf9e ./Drivers/UGUI/ugui_textbox.o

.debug_abbrev   0x00000000     0x2958
 .debug_abbrev  0x00000000      0x2c0 ./Core/Src/main.o
 .debug_abbrev  0x000002c0      0x200 ./Core/Src/stm32f4xx_hal_msp.o
 .debug_abbrev  0x000004c0      0x138 ./Core/Src/stm32f4xx_it.o
 .debug_abbrev  0x000005f8       0xbc ./Core/Src/sysmem.o
 .debug_abbrev  0x000006b4      0x11a ./Core/Src/system_stm32f4xx.o
 .debug_abbrev  0x000007ce       0x24 ./Core/Startup/startup_stm32f411retx.o
 .debug_abbrev  0x000007f2       0xc7 ./Drivers/LCD/images.o
 .debug_abbrev  0x000008b9      0x3a5 ./Drivers/LCD/lcd.o
 .debug_abbrev  0x00000c5e      0x24b ./Drivers/STM32F4xx_HAL_Driver/Src/stm32f4xx_hal.o
 .debug_abbrev  0x00000ea9      0x31d ./Drivers/STM32F4xx_HAL_Driver/Src/stm32f4xx_hal_cortex.o
 .debug_abbrev  0x000011c6      0x221 ./Drivers/STM32F4xx_HAL_Driver/Src/stm32f4xx_hal_dma.o
 .debug_abbrev  0x000013e7      0x1d3 ./Drivers/STM32F4xx_HAL_Driver/Src/stm32f4xx_hal_gpio.o
 .debug_abbrev  0x000015ba      0x2b6 ./Drivers/STM32F4xx_HAL_Driver/Src/stm32f4xx_hal_rcc.o
 .debug_abbrev  0x00001870      0x276 ./Drivers/STM32F4xx_HAL_Driver/Src/stm32f4xx_hal_spi.o
 .debug_abbrev  0x00001ae6      0x31b ./Drivers/STM32F4xx_HAL_Driver/Src/stm32f4xx_hal_uart.o
 .debug_abbrev  0x00001e01       0x79 ./Drivers/UGUI/Fonts/arial_49X57.o
 .debug_abbrev  0x00001e7a       0x79 ./Drivers/UGUI/Fonts/font_6x8.o
 .debug_abbrev  0x00001ef3      0x385 ./Drivers/UGUI/ugui.o
 .debug_abbrev  0x00002278      0x27a ./Drivers/UGUI/ugui_button.o
 .debug_abbrev  0x000024f2      0x203 ./Drivers/UGUI/ugui_progress.o
 .debug_abbrev  0x000026f5      0x263 ./Drivers/UGUI/ugui_textbox.o

.debug_aranges  0x00000000      0xf30
 .debug_aranges
                0x00000000       0x50 ./Core/Src/main.o
 .debug_aranges
                0x00000050       0x40 ./Core/Src/stm32f4xx_hal_msp.o
 .debug_aranges
                0x00000090       0x68 ./Core/Src/stm32f4xx_it.o
 .debug_aranges
                0x000000f8       0x20 ./Core/Src/sysmem.o
 .debug_aranges
                0x00000118       0x28 ./Core/Src/system_stm32f4xx.o
 .debug_aranges
                0x00000140       0x28 ./Core/Startup/startup_stm32f411retx.o
 .debug_aranges
                0x00000168       0x18 ./Drivers/LCD/images.o
 .debug_aranges
                0x00000180       0xd0 ./Drivers/LCD/lcd.o
 .debug_aranges
                0x00000250       0xf0 ./Drivers/STM32F4xx_HAL_Driver/Src/stm32f4xx_hal.o
 .debug_aranges
                0x00000340      0x130 ./Drivers/STM32F4xx_HAL_Driver/Src/stm32f4xx_hal_cortex.o
 .debug_aranges
                0x00000470       0x90 ./Drivers/STM32F4xx_HAL_Driver/Src/stm32f4xx_hal_dma.o
 .debug_aranges
                0x00000500       0x58 ./Drivers/STM32F4xx_HAL_Driver/Src/stm32f4xx_hal_gpio.o
 .debug_aranges
                0x00000558       0x88 ./Drivers/STM32F4xx_HAL_Driver/Src/stm32f4xx_hal_rcc.o
 .debug_aranges
                0x000005e0      0x1d0 ./Drivers/STM32F4xx_HAL_Driver/Src/stm32f4xx_hal_spi.o
 .debug_aranges
                0x000007b0      0x208 ./Drivers/STM32F4xx_HAL_Driver/Src/stm32f4xx_hal_uart.o
 .debug_aranges
                0x000009b8       0x18 ./Drivers/UGUI/Fonts/arial_49X57.o
 .debug_aranges
                0x000009d0       0x18 ./Drivers/UGUI/Fonts/font_6x8.o
 .debug_aranges
                0x000009e8      0x338 ./Drivers/UGUI/ugui.o
 .debug_aranges
                0x00000d20       0xe0 ./Drivers/UGUI/ugui_button.o
 .debug_aranges
                0x00000e00       0x80 ./Drivers/UGUI/ugui_progress.o
 .debug_aranges
                0x00000e80       0xb0 ./Drivers/UGUI/ugui_textbox.o

.debug_rnglists
                0x00000000      0xb7d
 .debug_rnglists
                0x00000000       0x39 ./Core/Src/main.o
 .debug_rnglists
                0x00000039       0x2d ./Core/Src/stm32f4xx_hal_msp.o
 .debug_rnglists
                0x00000066       0x49 ./Core/Src/stm32f4xx_it.o
 .debug_rnglists
                0x000000af       0x13 ./Core/Src/sysmem.o
 .debug_rnglists
                0x000000c2       0x1a ./Core/Src/system_stm32f4xx.o
 .debug_rnglists
                0x000000dc       0x19 ./Core/Startup/startup_stm32f411retx.o
 .debug_rnglists
                0x000000f5       0x9f ./Drivers/LCD/lcd.o
 .debug_rnglists
                0x00000194       0xaf ./Drivers/STM32F4xx_HAL_Driver/Src/stm32f4xx_hal.o
 .debug_rnglists
                0x00000243       0xe0 ./Drivers/STM32F4xx_HAL_Driver/Src/stm32f4xx_hal_cortex.o
 .debug_rnglists
                0x00000323       0x70 ./Drivers/STM32F4xx_HAL_Driver/Src/stm32f4xx_hal_dma.o
 .debug_rnglists
                0x00000393       0x3f ./Drivers/STM32F4xx_HAL_Driver/Src/stm32f4xx_hal_gpio.o
 .debug_rnglists
                0x000003d2       0x66 ./Drivers/STM32F4xx_HAL_Driver/Src/stm32f4xx_hal_rcc.o
 .debug_rnglists
                0x00000438      0x16f ./Drivers/STM32F4xx_HAL_Driver/Src/stm32f4xx_hal_spi.o
 .debug_rnglists
                0x000005a7      0x1bc ./Drivers/STM32F4xx_HAL_Driver/Src/stm32f4xx_hal_uart.o
 .debug_rnglists
                0x00000763      0x295 ./Drivers/UGUI/ugui.o
 .debug_rnglists
                0x000009f8       0xa6 ./Drivers/UGUI/ugui_button.o
 .debug_rnglists
                0x00000a9e       0x5e ./Drivers/UGUI/ugui_progress.o
 .debug_rnglists
                0x00000afc       0x81 ./Drivers/UGUI/ugui_textbox.o

.debug_macro    0x00000000    0x17ae0
 .debug_macro   0x00000000      0x329 ./Core/Src/main.o
 .debug_macro   0x00000329      0xad8 ./Core/Src/main.o
 .debug_macro   0x00000e01      0x29b ./Core/Src/main.o
 .debug_macro   0x0000109c       0x2e ./Core/Src/main.o
 .debug_macro   0x000010ca       0x28 ./Core/Src/main.o
 .debug_macro   0x000010f2       0x22 ./Core/Src/main.o
 .debug_macro   0x00001114       0x8e ./Core/Src/main.o
 .debug_macro   0x000011a2       0x51 ./Core/Src/main.o
 .debug_macro   0x000011f3      0x103 ./Core/Src/main.o
 .debug_macro   0x000012f6       0x6a ./Core/Src/main.o
 .debug_macro   0x00001360      0x1df ./Core/Src/main.o
 .debug_macro   0x0000153f       0x1c ./Core/Src/main.o
 .debug_macro   0x0000155b       0x22 ./Core/Src/main.o
 .debug_macro   0x0000157d       0xfb ./Core/Src/main.o
 .debug_macro   0x00001678     0x1011 ./Core/Src/main.o
 .debug_macro   0x00002689      0x11f ./Core/Src/main.o
 .debug_macro   0x000027a8     0xb968 ./Core/Src/main.o
 .debug_macro   0x0000e110       0x6d ./Core/Src/main.o
 .debug_macro   0x0000e17d     0x3693 ./Core/Src/main.o
 .debug_macro   0x00011810      0x190 ./Core/Src/main.o
 .debug_macro   0x000119a0       0x5c ./Core/Src/main.o
 .debug_macro   0x000119fc      0x45c ./Core/Src/main.o
 .debug_macro   0x00011e58      0x9e9 ./Core/Src/main.o
 .debug_macro   0x00012841      0x115 ./Core/Src/main.o
 .debug_macro   0x00012956      0x11b ./Core/Src/main.o
 .debug_macro   0x00012a71       0xa5 ./Core/Src/main.o
 .debug_macro   0x00012b16      0x15f ./Core/Src/main.o
 .debug_macro   0x00012c75      0x287 ./Core/Src/main.o
 .debug_macro   0x00012efc       0x5f ./Core/Src/main.o
 .debug_macro   0x00012f5b      0x236 ./Core/Src/main.o
 .debug_macro   0x00013191      0x132 ./Core/Src/main.o
 .debug_macro   0x000132c3      0x264 ./Core/Src/main.o
 .debug_macro   0x00013527       0x2e ./Core/Src/main.o
 .debug_macro   0x00013555      0x127 ./Core/Src/main.o
 .debug_macro   0x0001367c       0x85 ./Core/Src/main.o
 .debug_macro   0x00013701       0x89 ./Core/Src/main.o
 .debug_macro   0x0001378a      0x225 ./Core/Src/main.o
 .debug_macro   0x000139af      0x2aa ./Core/Src/main.o
 .debug_macro   0x00013c59      0x126 ./Core/Src/main.o
 .debug_macro   0x00013d7f       0x64 ./Core/Src/main.o
 .debug_macro   0x00013de3       0x2a ./Core/Src/main.o
 .debug_macro   0x00013e0d       0x61 ./Core/Src/main.o
 .debug_macro   0x00013e6e       0x43 ./Core/Src/main.o
 .debug_macro   0x00013eb1       0x34 ./Core/Src/main.o
 .debug_macro   0x00013ee5       0x16 ./Core/Src/main.o
 .debug_macro   0x00013efb       0x3c ./Core/Src/main.o
 .debug_macro   0x00013f37      0x370 ./Core/Src/main.o
 .debug_macro   0x000142a7       0x16 ./Core/Src/main.o
 .debug_macro   0x000142bd       0x4a ./Core/Src/main.o
 .debug_macro   0x00014307       0x34 ./Core/Src/main.o
 .debug_macro   0x0001433b       0x10 ./Core/Src/main.o
 .debug_macro   0x0001434b       0x58 ./Core/Src/main.o
 .debug_macro   0x000143a3       0x8e ./Core/Src/main.o
 .debug_macro   0x00014431       0x1c ./Core/Src/main.o
 .debug_macro   0x0001444d      0x185 ./Core/Src/main.o
 .debug_macro   0x000145d2       0x16 ./Core/Src/main.o
 .debug_macro   0x000145e8       0x29 ./Core/Src/main.o
 .debug_macro   0x00014611      0x112 ./Core/Src/main.o
 .debug_macro   0x00014723      0x385 ./Core/Src/main.o
 .debug_macro   0x00014aa8       0x58 ./Core/Src/main.o
 .debug_macro   0x00014b00      0x274 ./Core/Src/main.o
 .debug_macro   0x00014d74       0xbe ./Core/Src/main.o
 .debug_macro   0x00014e32       0xbe ./Core/Src/main.o
 .debug_macro   0x00014ef0       0x8e ./Core/Src/main.o
 .debug_macro   0x00014f7e       0xa6 ./Core/Src/main.o
 .debug_macro   0x00015024       0x88 ./Core/Src/main.o
 .debug_macro   0x000150ac       0x83 ./Core/Src/main.o
 .debug_macro   0x0001512f      0x1d3 ./Core/Src/stm32f4xx_hal_msp.o
 .debug_macro   0x00015302      0x1dd ./Core/Src/stm32f4xx_it.o
 .debug_macro   0x000154df      0x112 ./Core/Src/sysmem.o
 .debug_macro   0x000155f1      0x23c ./Core/Src/sysmem.o
 .debug_macro   0x0001582d      0x1c4 ./Core/Src/system_stm32f4xx.o
 .debug_macro   0x000159f1      0x1af ./Drivers/LCD/images.o
 .debug_macro   0x00015ba0      0x11c ./Drivers/LCD/images.o
 .debug_macro   0x00015cbc       0x9b ./Drivers/LCD/images.o
 .debug_macro   0x00015d57      0x10c ./Drivers/LCD/images.o
 .debug_macro   0x00015e63      0x355 ./Drivers/LCD/lcd.o
 .debug_macro   0x000161b8       0x56 ./Drivers/LCD/lcd.o
 .debug_macro   0x0001620e      0x224 ./Drivers/STM32F4xx_HAL_Driver/Src/stm32f4xx_hal.o
 .debug_macro   0x00016432      0x1c4 ./Drivers/STM32F4xx_HAL_Driver/Src/stm32f4xx_hal_cortex.o
 .debug_macro   0x000165f6      0x1ca ./Drivers/STM32F4xx_HAL_Driver/Src/stm32f4xx_hal_dma.o
 .debug_macro   0x000167c0      0x1ca ./Drivers/STM32F4xx_HAL_Driver/Src/stm32f4xx_hal_gpio.o
 .debug_macro   0x0001698a      0x1e8 ./Drivers/STM32F4xx_HAL_Driver/Src/stm32f4xx_hal_rcc.o
 .debug_macro   0x00016b72      0x1d3 ./Drivers/STM32F4xx_HAL_Driver/Src/stm32f4xx_hal_spi.o
 .debug_macro   0x00016d45      0x1c5 ./Drivers/STM32F4xx_HAL_Driver/Src/stm32f4xx_hal_uart.o
 .debug_macro   0x00016f0a      0x1a5 ./Drivers/UGUI/Fonts/arial_49X57.o
 .debug_macro   0x000170af      0x1a5 ./Drivers/UGUI/Fonts/font_6x8.o
 .debug_macro   0x00017254      0x1a5 ./Drivers/UGUI/ugui.o
 .debug_macro   0x000173f9      0x1af ./Drivers/UGUI/ugui_button.o
 .debug_macro   0x000175a8       0xb8 ./Drivers/UGUI/ugui_button.o
 .debug_macro   0x00017660      0x1af ./Drivers/UGUI/ugui_progress.o
 .debug_macro   0x0001780f       0xa0 ./Drivers/UGUI/ugui_progress.o
 .debug_macro   0x000178af      0x1af ./Drivers/UGUI/ugui_textbox.o
 .debug_macro   0x00017a5e       0x82 ./Drivers/UGUI/ugui_textbox.o

.debug_line     0x00000000    0x12214
 .debug_line    0x00000000      0xab9 ./Core/Src/main.o
 .debug_line    0x00000ab9      0x7f3 ./Core/Src/stm32f4xx_hal_msp.o
 .debug_line    0x000012ac      0x7f3 ./Core/Src/stm32f4xx_it.o
 .debug_line    0x00001a9f      0x588 ./Core/Src/sysmem.o
 .debug_line    0x00002027      0x7a2 ./Core/Src/system_stm32f4xx.o
 .debug_line    0x000027c9       0x7a ./Core/Startup/startup_stm32f411retx.o
 .debug_line    0x00002843      0x617 ./Drivers/LCD/images.o
 .debug_line    0x00002e5a     0x114a ./Drivers/LCD/lcd.o
 .debug_line    0x00003fa4      0xa1e ./Drivers/STM32F4xx_HAL_Driver/Src/stm32f4xx_hal.o
 .debug_line    0x000049c2      0xcee ./Drivers/STM32F4xx_HAL_Driver/Src/stm32f4xx_hal_cortex.o
 .debug_line    0x000056b0      0xf8a ./Drivers/STM32F4xx_HAL_Driver/Src/stm32f4xx_hal_dma.o
 .debug_line    0x0000663a      0xb3a ./Drivers/STM32F4xx_HAL_Driver/Src/stm32f4xx_hal_gpio.o
 .debug_line    0x00007174      0xe2d ./Drivers/STM32F4xx_HAL_Driver/Src/stm32f4xx_hal_rcc.o
 .debug_line    0x00007fa1     0x1cb9 ./Drivers/STM32F4xx_HAL_Driver/Src/stm32f4xx_hal_spi.o
 .debug_line    0x00009c5a     0x2566 ./Drivers/STM32F4xx_HAL_Driver/Src/stm32f4xx_hal_uart.o
 .debug_line    0x0000c1c0      0x617 ./Drivers/UGUI/Fonts/arial_49X57.o
 .debug_line    0x0000c7d7      0x614 ./Drivers/UGUI/Fonts/font_6x8.o
 .debug_line    0x0000cdeb     0x318a ./Drivers/UGUI/ugui.o
 .debug_line    0x0000ff75      0xd61 ./Drivers/UGUI/ugui_button.o
 .debug_line    0x00010cd6      0xa90 ./Drivers/UGUI/ugui_progress.o
 .debug_line    0x00011766      0xaae ./Drivers/UGUI/ugui_textbox.o

.debug_str      0x00000000    0x8b473
 .debug_str     0x00000000    0x8b473 ./Core/Src/main.o
                              0x87eb2 (size before relaxing)
 .debug_str     0x0008b473    0x81e55 ./Core/Src/stm32f4xx_hal_msp.o
 .debug_str     0x0008b473    0x81905 ./Core/Src/stm32f4xx_it.o
 .debug_str     0x0008b473     0x7784 ./Core/Src/sysmem.o
 .debug_str     0x0008b473    0x81648 ./Core/Src/system_stm32f4xx.o
 .debug_str     0x0008b473       0x86 ./Core/Startup/startup_stm32f411retx.o
 .debug_str     0x0008b473     0x99ec ./Drivers/LCD/images.o
 .debug_str     0x0008b473    0x88165 ./Drivers/LCD/lcd.o
 .debug_str     0x0008b473    0x82074 ./Drivers/STM32F4xx_HAL_Driver/Src/stm32f4xx_hal.o
 .debug_str     0x0008b473    0x81dde ./Drivers/STM32F4xx_HAL_Driver/Src/stm32f4xx_hal_cortex.o
 .debug_str     0x0008b473    0x81a50 ./Drivers/STM32F4xx_HAL_Driver/Src/stm32f4xx_hal_dma.o
 .debug_str     0x0008b473    0x817c3 ./Drivers/STM32F4xx_HAL_Driver/Src/stm32f4xx_hal_gpio.o
 .debug_str     0x0008b473    0x81a7c ./Drivers/STM32F4xx_HAL_Driver/Src/stm32f4xx_hal_rcc.o
 .debug_str     0x0008b473    0x81ef4 ./Drivers/STM32F4xx_HAL_Driver/Src/stm32f4xx_hal_spi.o
 .debug_str     0x0008b473    0x8204b ./Drivers/STM32F4xx_HAL_Driver/Src/stm32f4xx_hal_uart.o
 .debug_str     0x0008b473     0x99c8 ./Drivers/UGUI/Fonts/arial_49X57.o
 .debug_str     0x0008b473     0x99bd ./Drivers/UGUI/Fonts/font_6x8.o
 .debug_str     0x0008b473     0xa54b ./Drivers/UGUI/ugui.o
 .debug_str     0x0008b473     0x9f49 ./Drivers/UGUI/ugui_button.o
 .debug_str     0x0008b473     0x9c78 ./Drivers/UGUI/ugui_progress.o
 .debug_str     0x0008b473     0x9e76 ./Drivers/UGUI/ugui_textbox.o

.comment        0x00000000       0x43
 .comment       0x00000000       0x43 ./Core/Src/main.o
                                 0x44 (size before relaxing)
 .comment       0x00000043       0x44 ./Core/Src/stm32f4xx_hal_msp.o
 .comment       0x00000043       0x44 ./Core/Src/stm32f4xx_it.o
 .comment       0x00000043       0x44 ./Core/Src/sysmem.o
 .comment       0x00000043       0x44 ./Core/Src/system_stm32f4xx.o
 .comment       0x00000043       0x44 ./Drivers/LCD/images.o
 .comment       0x00000043       0x44 ./Drivers/LCD/lcd.o
 .comment       0x00000043       0x44 ./Drivers/STM32F4xx_HAL_Driver/Src/stm32f4xx_hal.o
 .comment       0x00000043       0x44 ./Drivers/STM32F4xx_HAL_Driver/Src/stm32f4xx_hal_cortex.o
 .comment       0x00000043       0x44 ./Drivers/STM32F4xx_HAL_Driver/Src/stm32f4xx_hal_dma.o
 .comment       0x00000043       0x44 ./Drivers/STM32F4xx_HAL_Driver/Src/stm32f4xx_hal_gpio.o
 .comment       0x00000043       0x44 ./Drivers/STM32F4xx_HAL_Driver/Src/stm32f4xx_hal_rcc.o
 .comment       0x00000043       0x44 ./Drivers/STM32F4xx_HAL_Driver/Src/stm32f4xx_hal_spi.o
 .comment       0x00000043       0x44 ./Drivers/STM32F4xx_HAL_Driver/Src/stm32f4xx_hal_uart.o
 .comment       0x00000043       0x44 ./Drivers/UGUI/Fonts/arial_49X57.o
 .comment       0x00000043       0x44 ./Drivers/UGUI/Fonts/font_6x8.o
 .comment       0x00000043       0x44 ./Drivers/UGUI/ugui.o
 .comment       0x00000043       0x44 ./Drivers/UGUI/ugui_button.o
 .comment       0x00000043       0x44 ./Drivers/UGUI/ugui_progress.o
 .comment       0x00000043       0x44 ./Drivers/UGUI/ugui_textbox.o

.debug_frame    0x00000000     0x43d4
 .debug_frame   0x00000000       0xe8 ./Core/Src/main.o
 .debug_frame   0x000000e8       0xc4 ./Core/Src/stm32f4xx_hal_msp.o
 .debug_frame   0x000001ac      0x120 ./Core/Src/stm32f4xx_it.o
 .debug_frame   0x000002cc       0x34 ./Core/Src/sysmem.o
 .debug_frame   0x00000300       0x58 ./Core/Src/system_stm32f4xx.o
 .debug_frame   0x00000358      0x360 ./Drivers/LCD/lcd.o
 .debug_frame   0x000006b8      0x374 ./Drivers/STM32F4xx_HAL_Driver/Src/stm32f4xx_hal.o
 .debug_frame   0x00000a2c      0x508 ./Drivers/STM32F4xx_HAL_Driver/Src/stm32f4xx_hal_cortex.o
 .debug_frame   0x00000f34      0x250 ./Drivers/STM32F4xx_HAL_Driver/Src/stm32f4xx_hal_dma.o
 .debug_frame   0x00001184      0x14c ./Drivers/STM32F4xx_HAL_Driver/Src/stm32f4xx_hal_gpio.o
 .debug_frame   0x000012d0      0x1f4 ./Drivers/STM32F4xx_HAL_Driver/Src/stm32f4xx_hal_rcc.o
 .debug_frame   0x000014c4      0x828 ./Drivers/STM32F4xx_HAL_Driver/Src/stm32f4xx_hal_spi.o
 .debug_frame   0x00001cec      0x954 ./Drivers/STM32F4xx_HAL_Driver/Src/stm32f4xx_hal_uart.o
 .debug_frame   0x00002640      0xf68 ./Drivers/UGUI/ugui.o
 .debug_frame   0x000035a8      0x398 ./Drivers/UGUI/ugui_button.o
 .debug_frame   0x00003940      0x1e8 ./Drivers/UGUI/ugui_progress.o
 .debug_frame   0x00003b28      0x2c0 ./Drivers/UGUI/ugui_textbox.o
 .debug_frame   0x00003de8      0x144 C:/ST/STM32CubeIDE_1.16.1/STM32CubeIDE/plugins/com.st.stm32cube.ide.mcu.externaltools.gnu-tools-for-stm32.13.3.rel1.win32_1.0.0.202411081344/tools/bin/../lib/gcc/arm-none-eabi/13.3.1/../../../../arm-none-eabi/lib/thumb/v7e-m+fp/hard\libc_nano.a(libc_a-findfp.o)
 .debug_frame   0x00003f2c       0x74 C:/ST/STM32CubeIDE_1.16.1/STM32CubeIDE/plugins/com.st.stm32cube.ide.mcu.externaltools.gnu-tools-for-stm32.13.3.rel1.win32_1.0.0.202411081344/tools/bin/../lib/gcc/arm-none-eabi/13.3.1/../../../../arm-none-eabi/lib/thumb/v7e-m+fp/hard\libc_nano.a(libc_a-sprintf.o)
 .debug_frame   0x00003fa0       0x20 C:/ST/STM32CubeIDE_1.16.1/STM32CubeIDE/plugins/com.st.stm32cube.ide.mcu.externaltools.gnu-tools-for-stm32.13.3.rel1.win32_1.0.0.202411081344/tools/bin/../lib/gcc/arm-none-eabi/13.3.1/../../../../arm-none-eabi/lib/thumb/v7e-m+fp/hard\libc_nano.a(libc_a-memset.o)
 .debug_frame   0x00003fc0       0x38 C:/ST/STM32CubeIDE_1.16.1/STM32CubeIDE/plugins/com.st.stm32cube.ide.mcu.externaltools.gnu-tools-for-stm32.13.3.rel1.win32_1.0.0.202411081344/tools/bin/../lib/gcc/arm-none-eabi/13.3.1/../../../../arm-none-eabi/lib/thumb/v7e-m+fp/hard\libc_nano.a(libc_a-reent.o)
 .debug_frame   0x00003ff8       0x20 C:/ST/STM32CubeIDE_1.16.1/STM32CubeIDE/plugins/com.st.stm32cube.ide.mcu.externaltools.gnu-tools-for-stm32.13.3.rel1.win32_1.0.0.202411081344/tools/bin/../lib/gcc/arm-none-eabi/13.3.1/../../../../arm-none-eabi/lib/thumb/v7e-m+fp/hard\libc_nano.a(libc_a-errno.o)
 .debug_frame   0x00004018       0x2c C:/ST/STM32CubeIDE_1.16.1/STM32CubeIDE/plugins/com.st.stm32cube.ide.mcu.externaltools.gnu-tools-for-stm32.13.3.rel1.win32_1.0.0.202411081344/tools/bin/../lib/gcc/arm-none-eabi/13.3.1/../../../../arm-none-eabi/lib/thumb/v7e-m+fp/hard\libc_nano.a(libc_a-init.o)
 .debug_frame   0x00004044       0xb0 C:/ST/STM32CubeIDE_1.16.1/STM32CubeIDE/plugins/com.st.stm32cube.ide.mcu.externaltools.gnu-tools-for-stm32.13.3.rel1.win32_1.0.0.202411081344/tools/bin/../lib/gcc/arm-none-eabi/13.3.1/../../../../arm-none-eabi/lib/thumb/v7e-m+fp/hard\libc_nano.a(libc_a-lock.o)
 .debug_frame   0x000040f4       0x38 C:/ST/STM32CubeIDE_1.16.1/STM32CubeIDE/plugins/com.st.stm32cube.ide.mcu.externaltools.gnu-tools-for-stm32.13.3.rel1.win32_1.0.0.202411081344/tools/bin/../lib/gcc/arm-none-eabi/13.3.1/../../../../arm-none-eabi/lib/thumb/v7e-m+fp/hard\libc_nano.a(libc_a-freer.o)
 .debug_frame   0x0000412c       0x50 C:/ST/STM32CubeIDE_1.16.1/STM32CubeIDE/plugins/com.st.stm32cube.ide.mcu.externaltools.gnu-tools-for-stm32.13.3.rel1.win32_1.0.0.202411081344/tools/bin/../lib/gcc/arm-none-eabi/13.3.1/../../../../arm-none-eabi/lib/thumb/v7e-m+fp/hard\libc_nano.a(libc_a-mallocr.o)
 .debug_frame   0x0000417c       0x30 C:/ST/STM32CubeIDE_1.16.1/STM32CubeIDE/plugins/com.st.stm32cube.ide.mcu.externaltools.gnu-tools-for-stm32.13.3.rel1.win32_1.0.0.202411081344/tools/bin/../lib/gcc/arm-none-eabi/13.3.1/../../../../arm-none-eabi/lib/thumb/v7e-m+fp/hard\libc_nano.a(libc_a-mlock.o)
 .debug_frame   0x000041ac       0x90 C:/ST/STM32CubeIDE_1.16.1/STM32CubeIDE/plugins/com.st.stm32cube.ide.mcu.externaltools.gnu-tools-for-stm32.13.3.rel1.win32_1.0.0.202411081344/tools/bin/../lib/gcc/arm-none-eabi/13.3.1/../../../../arm-none-eabi/lib/thumb/v7e-m+fp/hard\libc_nano.a(libc_a-nano-svfprintf.o)
 .debug_frame   0x0000423c       0x60 C:/ST/STM32CubeIDE_1.16.1/STM32CubeIDE/plugins/com.st.stm32cube.ide.mcu.externaltools.gnu-tools-for-stm32.13.3.rel1.win32_1.0.0.202411081344/tools/bin/../lib/gcc/arm-none-eabi/13.3.1/../../../../arm-none-eabi/lib/thumb/v7e-m+fp/hard\libc_nano.a(libc_a-nano-vfprintf_i.o)
 .debug_frame   0x0000429c       0x28 C:/ST/STM32CubeIDE_1.16.1/STM32CubeIDE/plugins/com.st.stm32cube.ide.mcu.externaltools.gnu-tools-for-stm32.13.3.rel1.win32_1.0.0.202411081344/tools/bin/../lib/gcc/arm-none-eabi/13.3.1/../../../../arm-none-eabi/lib/thumb/v7e-m+fp/hard\libc_nano.a(libc_a-memmove.o)
 .debug_frame   0x000042c4       0x2c C:/ST/STM32CubeIDE_1.16.1/STM32CubeIDE/plugins/com.st.stm32cube.ide.mcu.externaltools.gnu-tools-for-stm32.13.3.rel1.win32_1.0.0.202411081344/tools/bin/../lib/gcc/arm-none-eabi/13.3.1/../../../../arm-none-eabi/lib/thumb/v7e-m+fp/hard\libc_nano.a(libc_a-sbrkr.o)
 .debug_frame   0x000042f0       0x28 C:/ST/STM32CubeIDE_1.16.1/STM32CubeIDE/plugins/com.st.stm32cube.ide.mcu.externaltools.gnu-tools-for-stm32.13.3.rel1.win32_1.0.0.202411081344/tools/bin/../lib/gcc/arm-none-eabi/13.3.1/../../../../arm-none-eabi/lib/thumb/v7e-m+fp/hard\libc_nano.a(libc_a-memcpy-stub.o)
 .debug_frame   0x00004318       0x3c C:/ST/STM32CubeIDE_1.16.1/STM32CubeIDE/plugins/com.st.stm32cube.ide.mcu.externaltools.gnu-tools-for-stm32.13.3.rel1.win32_1.0.0.202411081344/tools/bin/../lib/gcc/arm-none-eabi/13.3.1/../../../../arm-none-eabi/lib/thumb/v7e-m+fp/hard\libc_nano.a(libc_a-reallocr.o)
 .debug_frame   0x00004354       0x20 C:/ST/STM32CubeIDE_1.16.1/STM32CubeIDE/plugins/com.st.stm32cube.ide.mcu.externaltools.gnu-tools-for-stm32.13.3.rel1.win32_1.0.0.202411081344/tools/bin/../lib/gcc/arm-none-eabi/13.3.1/../../../../arm-none-eabi/lib/thumb/v7e-m+fp/hard\libc_nano.a(libc_a-msizer.o)
 .debug_frame   0x00004374       0x2c C:/ST/STM32CubeIDE_1.16.1/STM32CubeIDE/plugins/com.st.stm32cube.ide.mcu.externaltools.gnu-tools-for-stm32.13.3.rel1.win32_1.0.0.202411081344/tools/bin/../lib/gcc/arm-none-eabi/13.3.1/thumb/v7e-m+fp/hard\libgcc.a(_aeabi_uldivmod.o)
 .debug_frame   0x000043a0       0x34 C:/ST/STM32CubeIDE_1.16.1/STM32CubeIDE/plugins/com.st.stm32cube.ide.mcu.externaltools.gnu-tools-for-stm32.13.3.rel1.win32_1.0.0.202411081344/tools/bin/../lib/gcc/arm-none-eabi/13.3.1/thumb/v7e-m+fp/hard\libgcc.a(_udivmoddi4.o)

.debug_line_str
                0x00000000       0x6a
 .debug_line_str
                0x00000000       0x6a ./Core/Startup/startup_stm32f411retx.o
