../Core/Src/main.c:512:5:main	24	static
../Core/Src/main.c:635:6:SystemClock_Config	88	static
../Core/Src/main.c:682:13:MX_SPI1_Init	8	static
../Core/Src/main.c:720:13:MX_TIM1_Init	32	static
../Core/Src/main.c:766:13:MX_USART2_UART_Init	8	static
../Core/Src/main.c:797:13:MX_DMA_Init	16	static
../Core/Src/main.c:815:13:MX_GPIO_Init	48	static
../Core/Src/main.c:856:6:HAL_GPIO_EXTI_Callback	16	static
../Core/Src/main.c:864:9:DebounceButton	24	static
../Core/Src/main.c:893:6:UpdateButtons	8	static
../Core/Src/main.c:903:6:DrawButtonTestUI	16	static
../Core/Src/main.c:917:6:UpdateButtonUI	24	static
../Core/Src/main.c:959:6:StartGame	24	static
../Core/Src/main.c:994:6:DrawLogoBlock	48	static
../Core/Src/main.c:1015:6:DrawTetrisLogo	48	static
../Core/Src/main.c:1046:6:DrawMenu	40	static
../Core/Src/main.c:1061:6:MenuInput	8	static
../Core/Src/main.c:1077:6:DrawGameOver	48	static
../Core/Src/main.c:1096:10:ColorLight	24	static
../Core/Src/main.c:1108:10:ColorDark	24	static
../Core/Src/main.c:1120:6:DrawBlock	40	static
../Core/Src/main.c:1133:6:DrawBlock3D	48	static
../Core/Src/main.c:1167:6:ClearBlock	40	static
../Core/Src/main.c:1178:6:DrawBoard	16	static
../Core/Src/main.c:1226:6:DrawPiece	32	static
../Core/Src/main.c:1237:6:TestPieces	32	static
../Core/Src/main.c:1252:8:GetSpawnOffsetY	24	static
../Core/Src/main.c:1263:9:SpawnPiece	8	static
../Core/Src/main.c:1280:6:DrawActivePiece	32	static
../Core/Src/main.c:1292:6:ClearActivePiece	24	static
../Core/Src/main.c:1313:6:GameTick_Update	16	static
../Core/Src/main.c:1372:6:MoveLeft	8	static
../Core/Src/main.c:1381:6:MoveRight	8	static
../Core/Src/main.c:1390:9:MoveDown	8	static
../Core/Src/main.c:1412:6:RotatePieceCW	40	static
../Core/Src/main.c:1444:6:RotatePieceCCW	40	static
../Core/Src/main.c:1477:9:CheckCollision	32	static
../Core/Src/main.c:1500:9:IsGrounded	8	static
../Core/Src/main.c:1504:9:IsGroundedAt	16	static
../Core/Src/main.c:1509:6:LockPiece	32	static
../Core/Src/main.c:1540:6:ResetLockDelay	8	static
../Core/Src/main.c:1551:6:ClearLockDelay	4	static
../Core/Src/main.c:1557:9:ClearLines	24	static
../Core/Src/main.c:1584:6:RemoveLine	32	static
../Core/Src/main.c:1596:6:RedrawBoardFromArray	24	static
../Core/Src/main.c:1609:6:ShuffleBag	16	static
../Core/Src/main.c:1624:9:GetNextPiece	8	static
../Core/Src/main.c:1632:6:DrawNextPiecePreview	16	static
../Core/Src/main.c:1655:6:AddScore	16	static
../Core/Src/main.c:1666:6:UpdateLevel	16	static
../Core/Src/main.c:1675:6:UpdateGravity	4	static
../Core/Src/main.c:1705:6:DrawHUD	16	static
../Core/Src/main.c:1711:6:UpdateHUD	32	static
../Core/Src/main.c:1739:6:Error_Handler	4	static,ignoring_inline_asm
