../Drivers/LCD/lcd.c:93:13:setSPI_Size	16	static
../Drivers/LCD/lcd.c:120:13:setDMAMemMode	16	static
../Drivers/LCD/lcd.c:179:13:LCD_WriteCommand	16	static
../Drivers/LCD/lcd.c:202:13:LCD_WriteData	24	static
../Drivers/LCD/lcd.c:264:6:LCD_SetRotation	24	static
../Drivers/LCD/lcd.c:310:13:LCD_SetAddressWindow	56	static
../Drivers/LCD/lcd.c:339:6:LCD_DrawPixel	24	static
../Drivers/LCD/lcd.c:369:6:LCD_FillPixels	152	static
../Drivers/LCD/lcd.c:394:7:LCD_FillArea	24	static
../Drivers/LCD/lcd.c:421:8:LCD_Fill	32	static
../Drivers/LCD/lcd.c:447:6:LCD_DrawImage	32	static
../Drivers/LCD/lcd.c:481:8:LCD_DrawLine	40	static
../Drivers/LCD/lcd.c:496:6:LCD_PutChar	40	static
../Drivers/LCD/lcd.c:501:6:LCD_PutStr	24	static
../Drivers/LCD/lcd.c:512:6:LCD_InvertColors	24	static
../Drivers/LCD/lcd.c:523:6:LCD_TearEffect	24	static
../Drivers/LCD/lcd.c:529:6:LCD_setPower	24	static
../Drivers/LCD/lcd.c:535:13:LCD_Update	8	static
../Drivers/LCD/lcd.c:559:6:LCD_init	16	static
../Drivers/LCD/lcd.c:592:13:clearTime	8	static
../Drivers/LCD/lcd.c:595:13:printTime	24	static
../Drivers/LCD/lcd.c:622:6:LCD_Test	80	static
../Drivers/LCD/lcd.c:903:13:window_1_callback	16	static
